nohup: ignoring input
  Available RAM : 853.4 GB
  Mem/worker    : 3.0 GB  →  RAM allows 284 workers
  CPU count     : 127
Files   : 607
Workers : 127  (override with --workers N)
Output  : /exp/sbnd/data/users/castalyf/nue_sel/production_files/gen1/skimmed_df
Dry run : False

  mc1e20_1_188.df                           inter= 92,323  sig=  18  presel= 4,758  sig_presel=  15  rows 301,387->22,361 (93%)  POT=7.537e+17  52.4s
  mc1e20_1_193.df                           inter= 94,111  sig=  20  presel= 4,909  sig_presel=  17  rows 307,922->23,081 (93%)  POT=7.490e+17  56.6s
  mc1e20_1_100.df                           inter= 96,947  sig=  20  presel= 4,935  sig_presel=  18  rows 319,352->23,856 (93%)  POT=7.540e+17  47.5s
  mc1e20_1_171.df                           inter= 96,197  sig=  17  presel= 4,836  sig_presel=  16  rows 316,105->23,152 (93%)  POT=7.537e+17  41.5s
  mc1e20_1_122.df                           inter= 95,088  sig=  22  presel= 4,837  sig_presel=  20  rows 312,344->23,077 (93%)  POT=7.511e+17  52.4s
  mc1e20_1_166.df                           inter= 97,047  sig=  23  presel= 4,992  sig_presel=  21  rows 319,072->24,068 (92%)  POT=7.515e+17  41.5s
  mc1e20_1_20.df                            inter= 94,768  sig=  25  presel= 4,850  sig_presel=  23  rows 310,364->23,024 (93%)  POT=7.540e+17  47.5s
  mc1e20_1_164.df                           inter= 92,509  sig=  25  presel= 4,766  sig_presel=  24  rows 303,753->23,147 (92%)  POT=7.530e+17  29.0s
  mc1e20_1_108.df                           inter= 96,948  sig=  22  presel= 4,971  sig_presel=  17  rows 316,326->23,177 (93%)  POT=7.515e+17  56.6s
  mc1e20_1_1.df                             inter= 79,550  sig=  21  presel= 4,161  sig_presel=  19  rows 258,079->19,551 (92%)  POT=7.518e+17  41.5s
  mc1e20_1_160.df                           inter= 93,798  sig=  23  presel= 4,847  sig_presel=  20  rows 307,518->23,190 (92%)  POT=7.538e+17  47.5s
  mc1e20_1_143.df                           inter= 97,768  sig=  16  presel= 5,006  sig_presel=  16  rows 322,024->24,041 (93%)  POT=7.524e+17  65.3s
  mc1e20_1_105.df                           inter= 98,523  sig=  24  presel= 5,033  sig_presel=  19  rows 323,905->23,916 (93%)  POT=7.487e+17  65.3s
  mc1e20_1_113.df                           inter= 92,235  sig=  29  presel= 4,792  sig_presel=  26  rows 304,105->23,073 (92%)  POT=7.520e+17  65.3s
  mc1e20_1_106.df                           inter= 98,979  sig=  20  presel= 5,018  sig_presel=  18  rows 324,851->23,689 (93%)  POT=7.505e+17  65.5s
  mc1e20_1_150.df                           inter= 96,810  sig=  35  presel= 4,942  sig_presel=  25  rows 317,785->23,466 (93%)  POT=7.526e+17  65.5s
  mc1e20_1_198.df                           inter= 98,144  sig=  24  presel= 5,033  sig_presel=  20  rows 321,701->23,878 (93%)  POT=7.517e+17  65.4s
  mc1e20_1_30.df                            inter= 92,060  sig=  21  presel= 4,734  sig_presel=  17  rows 302,009->22,893 (92%)  POT=7.517e+17  65.3s
  mc1e20_1_28.df                            inter= 95,702  sig=  23  presel= 4,850  sig_presel=  19  rows 313,232->22,944 (93%)  POT=7.508e+17  65.1s
  mc1e20_1_15.df                            inter= 92,035  sig=  18  presel= 4,718  sig_presel=  16  rows 302,501->22,624 (93%)  POT=7.533e+17  65.5s
  mc1e20_1_123.df                           inter= 97,669  sig=  18  presel= 5,080  sig_presel=  16  rows 319,422->23,379 (93%)  POT=7.555e+17  65.3s
  mc1e20_1_138.df                           inter= 98,210  sig=  30  presel= 5,054  sig_presel=  24  rows 322,752->24,140 (93%)  POT=7.558e+17  65.3s
  mc1e20_1_115.df                           inter= 98,228  sig=  21  presel= 5,036  sig_presel=  18  rows 323,575->24,058 (93%)  POT=7.495e+17  65.8s
  mc1e20_1_187.df                           inter= 92,066  sig=  24  presel= 4,752  sig_presel=  19  rows 301,518->22,734 (92%)  POT=7.509e+17  65.3s
  mc1e20_1_111.df                           inter= 97,426  sig=  22  presel= 5,069  sig_presel=  21  rows 321,107->24,508 (92%)  POT=7.519e+17  65.5s
  mc1e20_1_124.df                           inter= 92,430  sig=  18  presel= 4,717  sig_presel=  16  rows 303,574->22,179 (93%)  POT=7.514e+17  65.6s
  mc1e20_1_153.df                           inter= 93,673  sig=  37  presel= 4,862  sig_presel=  33  rows 307,350->22,802 (93%)  POT=7.533e+17  65.9s
  mc1e20_1_180.df                           inter= 97,719  sig=  19  presel= 4,942  sig_presel=  17  rows 321,381->23,661 (93%)  POT=7.574e+17  65.4s
  mc1e20_1_19.df                            inter= 92,603  sig=  19  presel= 4,855  sig_presel=  16  rows 304,643->23,160 (92%)  POT=7.527e+17  66.2s
  mc1e20_1_29.df                            inter= 95,394  sig=  26  presel= 4,820  sig_presel=  17  rows 313,666->22,992 (93%)  POT=7.508e+17  66.2s
  mc1e20_1_112.df                           inter= 96,372  sig=  18  presel= 4,905  sig_presel=  16  rows 316,401->23,256 (93%)  POT=7.512e+17  66.0s
  mc1e20_1_167.df                           inter= 99,878  sig=  28  presel= 5,047  sig_presel=  23  rows 327,013->23,953 (93%)  POT=7.519e+17  65.5s
  mc1e20_1_103.df                           inter= 96,707  sig=  24  presel= 5,006  sig_presel=  16  rows 318,148->23,586 (93%)  POT=7.487e+17  65.9s
  mc1e20_1_137.df                           inter=100,051  sig=  25  presel= 5,039  sig_presel=  21  rows 329,314->24,195 (93%)  POT=7.505e+17  65.4s
  mc1e20_1_146.df                           inter= 99,024  sig=  22  presel= 5,133  sig_presel=  19  rows 325,292->24,594 (92%)  POT=7.546e+17  65.5s
  mc1e20_1_184.df                           inter= 97,775  sig=  32  presel= 5,034  sig_presel=  25  rows 319,380->23,909 (93%)  POT=7.574e+17  65.5s
  mc1e20_1_147.df                           inter= 99,434  sig=  17  presel= 5,058  sig_presel=  14  rows 326,545->23,983 (93%)  POT=7.546e+17  65.5s
  mc1e20_1_149.df                           inter= 96,983  sig=  27  presel= 4,874  sig_presel=  21  rows 318,098->23,123 (93%)  POT=7.573e+17  65.6s
  mc1e20_1_104.df                           inter= 98,296  sig=  25  presel= 5,109  sig_presel=  21  rows 321,382->24,351 (92%)  POT=7.500e+17  66.0s
  mc1e20_1_101.df                           inter= 96,156  sig=  20  presel= 4,900  sig_presel=  18  rows 317,045->23,229 (93%)  POT=7.505e+17  66.0s
  mc1e20_1_126.df                           inter= 94,762  sig=  22  presel= 4,944  sig_presel=  20  rows 308,981->23,593 (92%)  POT=7.486e+17  65.8s
  mc1e20_1_25.df                            inter= 97,034  sig=  19  presel= 4,881  sig_presel=  17  rows 319,972->23,273 (93%)  POT=7.575e+17  65.8s
  mc1e20_1_174.df                           inter= 97,244  sig=  16  presel= 5,025  sig_presel=  15  rows 318,969->23,981 (92%)  POT=7.537e+17  65.8s
  mc1e20_1_163.df                           inter= 95,041  sig=  16  presel= 4,853  sig_presel=  12  rows 310,384->23,298 (92%)  POT=7.535e+17  65.4s
  mc1e20_1_109.df                           inter= 98,859  sig=  21  presel= 5,025  sig_presel=  20  rows 324,134->23,293 (93%)  POT=7.492e+17  65.4s
  mc1e20_1_134.df                           inter= 97,388  sig=  22  presel= 4,965  sig_presel=  22  rows 319,878->23,716 (93%)  POT=7.556e+17  65.3s
  mc1e20_1_107.df                           inter= 99,286  sig=  19  presel= 5,034  sig_presel=  16  rows 325,509->23,811 (93%)  POT=7.589e+17  65.6s
  mc1e20_1_0.df                             inter= 79,953  sig=  12  presel= 4,182  sig_presel=   9  rows 260,232->19,761 (92%)  POT=7.546e+17  65.7s
  mc1e20_1_172.df                           inter= 97,547  sig=  30  presel= 5,006  sig_presel=  23  rows 319,815->23,780 (93%)  POT=7.532e+17  65.6s
  mc1e20_1_161.df                           inter= 93,411  sig=  22  presel= 4,778  sig_presel=  20  rows 306,832->22,463 (93%)  POT=7.531e+17  65.9s
  mc1e20_1_173.df                           inter=100,464  sig=  16  presel= 5,188  sig_presel=  14  rows 329,109->24,144 (93%)  POT=7.537e+17  65.5s
  mc1e20_1_165.df                           inter= 93,091  sig=  25  presel= 4,808  sig_presel=  21  rows 303,869->22,794 (92%)  POT=7.553e+17  65.8s
  mc1e20_1_116.df                           inter= 93,324  sig=  20  presel= 4,902  sig_presel=  20  rows 306,217->23,094 (92%)  POT=7.519e+17  82.2s
  mc1e20_1_121.df                           inter= 93,655  sig=  25  presel= 4,841  sig_presel=  20  rows 307,453->23,374 (92%)  POT=7.514e+17  82.3s
  mc1e20_1_102.df                           inter= 95,782  sig=  28  presel= 4,922  sig_presel=  22  rows 313,161->23,058 (93%)  POT=7.517e+17  87.1s
  mc1e20_1_110.df                           inter= 96,598  sig=  25  presel= 4,934  sig_presel=  20  rows 317,733->23,458 (93%)  POT=7.521e+17  89.4s
  mc1e20_1_13.df                            inter= 94,992  sig=  25  presel= 4,920  sig_presel=  18  rows 311,887->23,595 (92%)  POT=7.528e+17  93.5s
  mc1e20_1_16.df                            inter= 95,227  sig=  26  presel= 4,783  sig_presel=  24  rows 310,859->22,505 (93%)  POT=7.533e+17  94.9s
  mc1e20_1_155.df                           inter= 96,589  sig=  17  presel= 4,943  sig_presel=  14  rows 318,449->24,385 (92%)  POT=7.545e+17  97.8s
  mc1e20_1_175.df                           inter= 98,019  sig=  20  presel= 5,033  sig_presel=  17  rows 321,521->24,081 (93%)  POT=7.569e+17  100.2s
  mc1e20_1_114.df                           inter= 93,904  sig=  20  presel= 4,873  sig_presel=  16  rows 308,753->22,792 (93%)  POT=7.526e+17  101.4s
  mc1e20_1_117.df                           inter= 92,169  sig=  17  presel= 4,771  sig_presel=  15  rows 300,629->22,666 (92%)  POT=7.527e+17  106.3s
  mc1e20_1_194.df                           inter= 99,452  sig=  21  presel= 5,047  sig_presel=  20  rows 326,816->23,992 (93%)  POT=7.503e+17  107.0s
  mc1e20_1_10.df                            inter= 93,963  sig=  30  presel= 4,809  sig_presel=  22  rows 307,291->22,837 (93%)  POT=7.521e+17  107.4s
  mc1e20_1_156.df                           inter= 97,910  sig=  16  presel= 4,981  sig_presel=  14  rows 322,394->23,849 (93%)  POT=7.537e+17  107.8s
  mc1e20_1_31.df                            inter= 92,890  sig=  19  presel= 4,800  sig_presel=  19  rows 304,416->22,737 (93%)  POT=7.527e+17  107.5s
  mc1e20_1_2.df                             inter= 95,131  sig=  20  presel= 4,819  sig_presel=  19  rows 310,813->23,031 (93%)  POT=7.556e+17  108.8s
  mc1e20_1_191.df                           inter= 92,037  sig=  14  presel= 4,818  sig_presel=  10  rows 302,548->23,005 (92%)  POT=7.507e+17  109.3s
  mc1e20_1_26.df                            inter= 91,817  sig=  31  presel= 4,747  sig_presel=  27  rows 300,372->22,386 (93%)  POT=7.499e+17  110.9s
  mc1e20_1_142.df                           inter= 97,677  sig=  34  presel= 5,016  sig_presel=  31  rows 321,600->23,830 (93%)  POT=7.521e+17  112.1s
  mc1e20_1_21.df                            inter= 96,476  sig=  21  presel= 4,945  sig_presel=  19  rows 316,757->23,654 (93%)  POT=7.499e+17  111.1s
  mc1e20_1_159.df                           inter= 96,461  sig=  22  presel= 4,903  sig_presel=  17  rows 315,872->23,356 (93%)  POT=7.534e+17  112.0s
  mc1e20_1_154.df                           inter= 98,913  sig=  14  presel= 5,036  sig_presel=  13  rows 326,032->24,536 (92%)  POT=7.518e+17  114.8s
  mc1e20_1_170.df                           inter= 99,716  sig=  25  presel= 5,081  sig_presel=  22  rows 328,310->23,930 (93%)  POT=7.502e+17  114.9s
  mc1e20_1_195.df                           inter=100,724  sig=  29  presel= 5,120  sig_presel=  23  rows 330,900->24,550 (93%)  POT=7.507e+17  114.2s
  mc1e20_1_130.df                           inter= 97,663  sig=  24  presel= 5,032  sig_presel=  21  rows 320,385->23,927 (93%)  POT=7.521e+17  115.3s
  mc1e20_1_157.df                           inter= 99,082  sig=  26  presel= 5,092  sig_presel=  23  rows 325,990->24,153 (93%)  POT=7.490e+17  114.1s
  mc1e20_1_23.df                            inter= 91,291  sig=  20  presel= 4,722  sig_presel=  18  rows 298,079->22,525 (92%)  POT=7.490e+17  115.9s
  mc1e20_1_18.df                            inter= 92,753  sig=  24  presel= 4,744  sig_presel=  24  rows 303,127->22,546 (93%)  POT=7.493e+17  115.2s
  mc1e20_1_141.df                           inter= 98,925  sig=  26  presel= 5,041  sig_presel=  21  rows 325,972->24,263 (93%)  POT=7.556e+17  115.5s
  mc1e20_1_24.df                            inter= 97,030  sig=  18  presel= 4,957  sig_presel=  17  rows 318,755->23,919 (92%)  POT=7.513e+17  116.1s
  mc1e20_1_27.df                            inter= 90,851  sig=  19  presel= 4,750  sig_presel=  18  rows 297,619->22,475 (92%)  POT=7.498e+17  116.5s
  mc1e20_1_148.df                           inter= 98,245  sig=  20  presel= 5,147  sig_presel=  14  rows 323,982->24,559 (92%)  POT=7.509e+17  116.7s
  mc1e20_1_125.df                           inter= 91,781  sig=  21  presel= 4,766  sig_presel=  18  rows 299,674->22,366 (93%)  POT=7.509e+17  117.5s
  mc1e20_1_190.df                           inter= 96,977  sig=  24  presel= 4,891  sig_presel=  19  rows 316,794->23,319 (93%)  POT=7.548e+17  117.2s
  mc1e20_1_133.df                           inter= 98,172  sig=  14  presel= 5,092  sig_presel=  14  rows 323,482->24,276 (92%)  POT=7.568e+17  117.2s
  mc1e20_1_139.df                           inter= 98,260  sig=  26  presel= 4,960  sig_presel=  24  rows 322,923->23,688 (93%)  POT=7.524e+17  117.2s
  mc1e20_1_11.df                            inter= 92,894  sig=  23  presel= 4,854  sig_presel=  21  rows 305,400->23,335 (92%)  POT=7.487e+17  117.7s
  mc1e20_1_192.df                           inter= 90,878  sig=  15  presel= 4,711  sig_presel=  11  rows 297,671->22,222 (93%)  POT=7.523e+17  117.4s
  mc1e20_1_197.df                           inter= 97,003  sig=  24  presel= 4,986  sig_presel=  21  rows 319,500->24,154 (92%)  POT=7.523e+17  118.7s
  mc1e20_1_135.df                           inter= 98,430  sig=  21  presel= 4,979  sig_presel=  20  rows 323,144->23,634 (93%)  POT=7.522e+17  118.9s
  mc1e20_1_17.df                            inter= 97,429  sig=  15  presel= 5,025  sig_presel=  14  rows 319,757->23,953 (93%)  POT=7.530e+17  119.1s
  mc1e20_1_14.df                            inter= 91,757  sig=  16  presel= 4,723  sig_presel=  12  rows 300,964->22,154 (93%)  POT=7.487e+17  119.2s
  mc1e20_1_181.df                           inter= 95,145  sig=  18  presel= 4,887  sig_presel=  14  rows 312,421->22,880 (93%)  POT=7.550e+17  118.4s
  mc1e20_1_183.df                           inter= 98,333  sig=  15  presel= 5,020  sig_presel=  14  rows 322,029->23,883 (93%)  POT=7.464e+17  118.5s
  mc1e20_1_128.df                           inter= 97,901  sig=  37  presel= 5,015  sig_presel=  30  rows 321,522->23,812 (93%)  POT=7.490e+17  119.4s
  mc1e20_1_22.df                            inter= 92,265  sig=  17  presel= 4,718  sig_presel=  16  rows 302,622->21,723 (93%)  POT=7.542e+17  119.3s
  mc1e20_1_136.df                           inter= 97,613  sig=  17  presel= 5,027  sig_presel=  16  rows 320,812->23,779 (93%)  POT=7.557e+17  119.5s
  mc1e20_1_186.df                           inter= 96,378  sig=  32  presel= 4,862  sig_presel=  27  rows 314,741->22,838 (93%)  POT=7.569e+17  119.8s
  mc1e20_1_132.df                           inter= 98,734  sig=  18  presel= 5,066  sig_presel=  17  rows 325,311->23,949 (93%)  POT=7.548e+17  119.8s
  mc1e20_1_120.df                           inter= 93,307  sig=  13  presel= 4,859  sig_presel=  12  rows 304,935->23,192 (92%)  POT=7.534e+17  120.4s
  mc1e20_1_145.df                           inter= 98,390  sig=  18  presel= 5,036  sig_presel=  16  rows 322,954->23,913 (93%)  POT=7.544e+17  119.9s
  mc1e20_1_168.df                           inter= 98,896  sig=  28  presel= 5,106  sig_presel=  24  rows 324,778->24,346 (93%)  POT=7.540e+17  120.0s
  mc1e20_1_144.df                           inter= 96,468  sig=  28  presel= 4,995  sig_presel=  22  rows 318,153->23,852 (93%)  POT=7.536e+17  120.1s
  mc1e20_1_158.df                           inter= 98,156  sig=  25  presel= 5,007  sig_presel=  23  rows 321,400->23,269 (93%)  POT=7.523e+17  120.1s
  mc1e20_1_32.df                            inter= 97,621  sig=  22  presel= 4,935  sig_presel=  19  rows 320,271->23,301 (93%)  POT=7.559e+17  119.7s
  mc1e20_1_169.df                           inter= 99,859  sig=  22  presel= 5,119  sig_presel=  14  rows 328,326->24,077 (93%)  POT=7.522e+17  120.4s
  mc1e20_1_127.df                           inter= 99,645  sig=  19  presel= 5,071  sig_presel=  18  rows 327,061->24,421 (93%)  POT=7.539e+17  119.7s
  mc1e20_1_199.df                           inter= 93,908  sig=  25  presel= 4,926  sig_presel=  20  rows 306,677->23,576 (92%)  POT=7.514e+17  120.7s
  mc1e20_1_185.df                           inter= 98,057  sig=  29  presel= 4,977  sig_presel=  22  rows 321,159->23,350 (93%)  POT=7.504e+17  120.9s
  mc1e20_1_176.df                           inter= 97,190  sig=  23  presel= 5,009  sig_presel=  18  rows 319,007->23,644 (93%)  POT=7.514e+17  120.8s
  mc1e20_1_179.df                           inter= 99,279  sig=  26  presel= 5,141  sig_presel=  23  rows 326,771->24,891 (92%)  POT=7.496e+17  120.6s
  mc1e20_1_119.df                           inter= 96,969  sig=  15  presel= 4,949  sig_presel=  14  rows 319,474->23,885 (93%)  POT=7.576e+17  120.8s
  mc1e20_1_129.df                           inter= 97,642  sig=  24  presel= 4,925  sig_presel=  18  rows 321,127->23,304 (93%)  POT=7.515e+17  120.9s
  mc1e20_1_131.df                           inter= 97,263  sig=  25  presel= 4,975  sig_presel=  20  rows 319,276->23,647 (93%)  POT=7.564e+17  121.5s
  mc1e20_1_182.df                           inter=100,187  sig=  26  presel= 5,152  sig_presel=  23  rows 329,704->24,844 (92%)  POT=7.533e+17  121.0s
  mc1e20_1_118.df                           inter= 94,606  sig=  25  presel= 4,887  sig_presel=  21  rows 309,621->23,001 (93%)  POT=7.476e+17  121.5s
  mc1e20_1_12.df                            inter= 93,694  sig=  21  presel= 4,797  sig_presel=  15  rows 307,418->22,974 (93%)  POT=7.510e+17  121.5s
  mc1e20_1_177.df                           inter=100,398  sig=  22  presel= 5,080  sig_presel=  19  rows 329,912->24,095 (93%)  POT=7.549e+17  121.7s
  mc1e20_1_152.df                           inter= 94,670  sig=  27  presel= 4,882  sig_presel=  21  rows 310,399->23,295 (92%)  POT=7.460e+17  121.5s
  mc1e20_1_162.df                           inter= 98,190  sig=  20  presel= 4,993  sig_presel=  19  rows 322,075->23,692 (93%)  POT=7.541e+17  122.3s
  mc1e20_1_189.df                           inter= 95,799  sig=  13  presel= 4,877  sig_presel=  12  rows 314,466->23,283 (93%)  POT=7.493e+17  122.2s
  mc1e20_1_196.df                           inter= 99,253  sig=  15  presel= 5,057  sig_presel=  13  rows 325,799->23,470 (93%)  POT=7.503e+17  122.5s
  mc1e20_1_140.df                           inter= 99,456  sig=  21  presel= 5,005  sig_presel=  18  rows 326,591->24,340 (93%)  POT=7.483e+17  122.5s
  mc1e20_1_151.df                           inter= 94,578  sig=  20  presel= 4,843  sig_presel=  17  rows 311,433->23,150 (93%)  POT=7.496e+17  122.6s
  mc1e20_1_178.df                           inter= 98,240  sig=  18  presel= 5,036  sig_presel=  17  rows 322,535->23,409 (93%)  POT=7.504e+17  122.3s
  mc1e20_1_3.df                             inter= 97,647  sig=  30  presel= 4,984  sig_presel=  25  rows 322,818->24,182 (93%)  POT=7.523e+17  123.0s
  mc1e20_1_5.df                             inter= 98,041  sig=  32  presel= 4,989  sig_presel=  27  rows 320,608->22,818 (93%)  POT=7.503e+17  57.5s
  mc1e20_1_42.df                            inter= 92,958  sig=  22  presel= 4,810  sig_presel=  17  rows 304,383->22,304 (93%)  POT=7.496e+17  60.6s
  mc1e20_1_53.df                            inter= 93,152  sig=  22  presel= 4,860  sig_presel=  18  rows 304,216->23,225 (92%)  POT=7.517e+17  59.0s
  mc1e20_1_74.df                            inter= 92,556  sig=  15  presel= 4,772  sig_presel=  14  rows 301,620->22,844 (92%)  POT=7.530e+17  58.1s
  mc1e20_1_51.df                            inter= 90,379  sig=  35  presel= 4,624  sig_presel=  30  rows 295,954->22,275 (92%)  POT=7.539e+17  60.4s
  mc1e20_1_39.df                            inter= 92,973  sig=  20  presel= 4,800  sig_presel=  20  rows 306,504->22,951 (93%)  POT=7.505e+17  62.1s
  mc1e20_1_47.df                            inter= 92,196  sig=  26  presel= 4,733  sig_presel=  24  rows 300,614->21,944 (93%)  POT=7.511e+17  60.1s
  mc1e20_1_7.df                             inter= 93,579  sig=  18  presel= 4,858  sig_presel=  14  rows 307,168->22,806 (93%)  POT=7.492e+17  58.6s
  mc1e20_1_40.df                            inter= 96,509  sig=  28  presel= 4,896  sig_presel=  24  rows 314,846->22,922 (93%)  POT=7.521e+17  61.3s
  mc1e20_1_46.df                            inter= 94,402  sig=  18  presel= 4,828  sig_presel=  18  rows 310,022->22,932 (93%)  POT=7.529e+17  65.4s
  mc1e20_1_56.df                            inter= 99,323  sig=  25  presel= 5,057  sig_presel=  20  rows 326,790->23,782 (93%)  POT=7.507e+17  60.4s
  mc1e20_1_36.df                            inter= 98,562  sig=  14  presel= 5,043  sig_presel=  13  rows 325,515->24,536 (92%)  POT=7.588e+17  66.3s
  mc1e20_1_8.df                             inter= 94,624  sig=  27  presel= 4,868  sig_presel=  19  rows 310,270->23,532 (92%)  POT=7.552e+17  58.6s
  mc1e20_1_91.df                            inter= 97,783  sig=  17  presel= 4,918  sig_presel=  17  rows 321,693->23,899 (93%)  POT=7.528e+17  26.2s
  mc1e20_1_73.df                            inter= 96,329  sig=  25  presel= 4,968  sig_presel=  23  rows 316,797->23,364 (93%)  POT=7.518e+17  64.2s
  mc1e20_1_71.df                            inter= 97,848  sig=  25  presel= 5,000  sig_presel=  22  rows 319,584->24,171 (92%)  POT=7.507e+17  63.2s
  mc1e20_1_94.df                            inter= 97,244  sig=  16  presel= 5,020  sig_presel=  13  rows 319,117->23,808 (93%)  POT=7.528e+17  23.8s
  mc1e20_1_84.df                            inter= 95,554  sig=  15  presel= 4,958  sig_presel=  12  rows 312,501->23,671 (92%)  POT=7.487e+17  37.5s
  mc1e20_1_86.df                            inter= 93,130  sig=  12  presel= 4,694  sig_presel=  11  rows 303,512->22,291 (93%)  POT=7.504e+17  35.0s
  mc1e20_1_55.df                            inter= 92,741  sig=  13  presel= 4,726  sig_presel=  13  rows 303,959->22,435 (93%)  POT=7.566e+17  67.0s
  mc1e20_1_52.df                            inter= 95,998  sig=  17  presel= 4,963  sig_presel=  14  rows 316,534->23,772 (92%)  POT=7.543e+17  68.6s
  mc1e20_1_93.df                            inter= 97,673  sig=  20  presel= 5,058  sig_presel=  16  rows 320,911->24,039 (93%)  POT=7.528e+17  25.2s
  mc1e20_1_80.df                            inter= 96,491  sig=  28  presel= 4,994  sig_presel=  26  rows 316,884->23,783 (92%)  POT=7.531e+17  51.9s
  mc1e20_2_102.df                           inter= 93,777  sig=  23  presel= 4,878  sig_presel=  20  rows 305,833->23,121 (92%)  POT=7.506e+17  19.5s
  mc1e20_1_6.df                             inter= 96,043  sig=  18  presel= 4,881  sig_presel=  16  rows 316,073->23,380 (93%)  POT=7.522e+17  66.7s
  mc1e20_1_43.df                            inter= 91,607  sig=  17  presel= 4,757  sig_presel=  14  rows 300,639->22,290 (93%)  POT=7.542e+17  68.2s
  mc1e20_1_83.df                            inter= 94,447  sig=  14  presel= 4,754  sig_presel=  12  rows 309,751->22,483 (93%)  POT=7.500e+17  42.9s
  mc1e20_2_101.df                           inter= 97,118  sig=  30  presel= 4,872  sig_presel=  27  rows 319,992->23,204 (93%)  POT=7.533e+17  19.6s
  mc1e20_1_92.df                            inter= 95,489  sig=  25  presel= 4,907  sig_presel=  23  rows 312,637->23,447 (93%)  POT=7.490e+17  24.1s
  mc1e20_1_70.df                            inter= 97,430  sig=  32  presel= 4,988  sig_presel=  28  rows 321,257->23,527 (93%)  POT=7.531e+17  68.5s
  mc1e20_1_82.df                            inter= 93,004  sig=  25  presel= 4,769  sig_presel=  23  rows 304,479->22,707 (93%)  POT=7.523e+17  47.6s
  mc1e20_1_90.df                            inter= 97,462  sig=  18  presel= 4,921  sig_presel=  15  rows 319,820->23,457 (93%)  POT=7.529e+17  25.3s
  mc1e20_1_60.df                            inter= 98,100  sig=  18  presel= 5,014  sig_presel=  15  rows 322,659->23,992 (93%)  POT=7.454e+17  69.2s
  mc1e20_1_9.df                             inter= 97,770  sig=  26  presel= 5,048  sig_presel=  22  rows 321,476->23,815 (93%)  POT=7.520e+17  25.6s
  mc1e20_1_87.df                            inter= 96,005  sig=  23  presel= 4,911  sig_presel=  22  rows 314,155->23,645 (92%)  POT=7.555e+17  32.4s
  mc1e20_1_38.df                            inter= 96,855  sig=  26  presel= 4,906  sig_presel=  23  rows 316,619->23,063 (93%)  POT=7.545e+17  71.4s
  mc1e20_2_1.df                             inter= 95,834  sig=  17  presel= 4,940  sig_presel=  15  rows 315,092->23,420 (93%)  POT=7.513e+17  20.4s
  mc1e20_1_41.df                            inter= 95,446  sig=  26  presel= 4,908  sig_presel=  25  rows 312,974->23,134 (93%)  POT=7.555e+17  71.1s
  mc1e20_1_95.df                            inter= 96,759  sig=  36  presel= 4,912  sig_presel=  30  rows 318,794->23,390 (93%)  POT=7.480e+17  21.9s
  mc1e20_1_72.df                            inter= 97,402  sig=  22  presel= 4,971  sig_presel=  18  rows 319,722->22,802 (93%)  POT=7.510e+17  69.8s
  mc1e20_1_88.df                            inter= 98,767  sig=  25  presel= 5,015  sig_presel=  21  rows 326,065->23,708 (93%)  POT=7.532e+17  30.6s
  mc1e20_1_65.df                            inter= 96,759  sig=  26  presel= 4,937  sig_presel=  24  rows 317,867->23,083 (93%)  POT=7.519e+17  71.8s
  mc1e20_1_96.df                            inter=100,079  sig=  21  presel= 5,101  sig_presel=  18  rows 329,245->24,204 (93%)  POT=7.487e+17  24.2s
  mc1e20_1_75.df                            inter= 93,250  sig=  14  presel= 4,756  sig_presel=  13  rows 306,190->22,533 (93%)  POT=7.512e+17  68.2s
  mc1e20_2_103.df                           inter= 95,020  sig=  26  presel= 4,932  sig_presel=  20  rows 313,436->23,460 (93%)  POT=7.539e+17  21.5s
  mc1e20_1_33.df                            inter= 99,088  sig=  23  presel= 5,064  sig_presel=  18  rows 324,449->23,758 (93%)  POT=7.491e+17  73.9s
  mc1e20_1_34.df                            inter= 97,502  sig=  20  presel= 4,950  sig_presel=  20  rows 320,975->23,388 (93%)  POT=7.497e+17  73.8s
  mc1e20_1_89.df                            inter= 98,764  sig=  24  presel= 4,961  sig_presel=  20  rows 324,623->23,764 (93%)  POT=7.546e+17  26.6s
  mc1e20_1_97.df                            inter= 99,824  sig=  16  presel= 5,058  sig_presel=  15  rows 327,629->23,768 (93%)  POT=7.511e+17  24.1s
  mc1e20_1_76.df                            inter= 95,996  sig=  33  presel= 4,935  sig_presel=  30  rows 314,411->23,164 (93%)  POT=7.554e+17  70.3s
  mc1e20_1_99.df                            inter= 96,445  sig=  25  presel= 5,026  sig_presel=  21  rows 317,087->23,784 (92%)  POT=7.517e+17  22.2s
  mc1e20_2_105.df                           inter= 95,775  sig=  23  presel= 4,922  sig_presel=  22  rows 313,983->23,509 (93%)  POT=7.511e+17  21.1s
  mc1e20_2_108.df                           inter= 98,330  sig=  25  presel= 5,109  sig_presel=  22  rows 321,749->24,125 (93%)  POT=7.493e+17  20.3s
  mc1e20_1_63.df                            inter= 96,017  sig=  28  presel= 4,876  sig_presel=  20  rows 314,620->22,774 (93%)  POT=7.538e+17  71.2s
  mc1e20_1_35.df                            inter= 97,780  sig=  24  presel= 4,999  sig_presel=  16  rows 320,527->23,603 (93%)  POT=7.518e+17  73.7s
  mc1e20_1_79.df                            inter= 96,506  sig=  15  presel= 4,944  sig_presel=  12  rows 316,195->23,381 (93%)  POT=7.506e+17  69.7s
  mc1e20_2_10.df                            inter= 97,227  sig=  34  presel= 5,053  sig_presel=  27  rows 318,775->23,651 (93%)  POT=7.542e+17  22.2s
  mc1e20_1_81.df                            inter= 90,889  sig=  21  presel= 4,725  sig_presel=  19  rows 298,506->22,472 (92%)  POT=7.543e+17  53.7s
  mc1e20_1_64.df                            inter= 97,192  sig=  24  presel= 4,986  sig_presel=  23  rows 319,410->23,518 (93%)  POT=7.535e+17  71.6s
  mc1e20_1_62.df                            inter= 99,201  sig=  25  presel= 5,015  sig_presel=  21  rows 324,819->24,020 (93%)  POT=7.516e+17  71.7s
  mc1e20_2_116.df                           inter= 95,836  sig=  15  presel= 4,949  sig_presel=  13  rows 314,218->23,853 (92%)  POT=7.548e+17  19.4s
  mc1e20_1_66.df                            inter= 98,853  sig=  19  presel= 5,108  sig_presel=  18  rows 324,998->24,200 (93%)  POT=7.541e+17  70.2s
  mc1e20_2_121.df                           inter= 96,052  sig=  10  presel= 4,985  sig_presel=   9  rows 313,348->23,837 (92%)  POT=7.526e+17  18.7s
  mc1e20_1_54.df                            inter= 91,655  sig=  25  presel= 4,759  sig_presel=  21  rows 300,750->22,530 (93%)  POT=7.515e+17  71.1s
  mc1e20_1_58.df                            inter= 97,007  sig=  20  presel= 4,920  sig_presel=  15  rows 317,128->22,996 (93%)  POT=7.556e+17  71.5s
  mc1e20_2_100.df                           inter= 96,587  sig=  19  presel= 4,947  sig_presel=  17  rows 315,337->23,183 (93%)  POT=7.532e+17  22.1s
  mc1e20_2_104.df                           inter= 96,561  sig=  24  presel= 4,973  sig_presel=  19  rows 315,944->23,070 (93%)  POT=7.514e+17  20.7s
  mc1e20_1_57.df                            inter= 95,647  sig=  16  presel= 4,975  sig_presel=  13  rows 315,000->23,595 (93%)  POT=7.569e+17  72.1s
  mc1e20_1_59.df                            inter= 97,005  sig=  26  presel= 4,985  sig_presel=  20  rows 318,291->23,775 (93%)  POT=7.492e+17  72.0s
  mc1e20_1_37.df                            inter= 97,442  sig=  28  presel= 4,953  sig_presel=  19  rows 319,487->23,110 (93%)  POT=7.545e+17  74.4s
  mc1e20_2_0.df                             inter= 94,009  sig=  23  presel= 4,835  sig_presel=  17  rows 307,966->23,106 (92%)  POT=7.541e+17  22.5s
  mc1e20_2_12.df                            inter= 98,948  sig=  31  presel= 5,065  sig_presel=  27  rows 323,874->23,759 (93%)  POT=7.505e+17  18.8s
  mc1e20_1_49.df                            inter= 94,877  sig=  17  presel= 4,913  sig_presel=  14  rows 310,862->23,147 (93%)  POT=7.498e+17  72.9s
  mc1e20_1_85.df                            inter= 91,095  sig=  26  presel= 4,686  sig_presel=  24  rows 297,302->22,045 (93%)  POT=7.506e+17  36.6s
  mc1e20_2_109.df                           inter= 97,606  sig=  20  presel= 5,036  sig_presel=  17  rows 319,618->24,171 (92%)  POT=7.536e+17  20.7s
  mc1e20_1_50.df                            inter= 93,566  sig=  24  presel= 4,776  sig_presel=  19  rows 306,327->22,709 (93%)  POT=7.534e+17  64.9s
  mc1e20_2_106.df                           inter= 94,263  sig=  25  presel= 4,895  sig_presel=  24  rows 310,028->23,536 (92%)  POT=7.467e+17  20.9s
  mc1e20_1_68.df                            inter= 97,627  sig=  25  presel= 4,950  sig_presel=  20  rows 320,726->23,618 (93%)  POT=7.565e+17  70.0s
  mc1e20_2_113.df                           inter= 96,329  sig=  18  presel= 4,982  sig_presel=  15  rows 317,103->23,643 (93%)  POT=7.501e+17  19.8s
  mc1e20_1_48.df                            inter= 98,627  sig=  17  presel= 5,088  sig_presel=  16  rows 323,658->24,139 (93%)  POT=7.551e+17  72.3s
  mc1e20_1_44.df                            inter= 97,045  sig=  13  presel= 4,869  sig_presel=   9  rows 318,506->23,195 (93%)  POT=7.530e+17  73.3s
  mc1e20_1_61.df                            inter= 96,396  sig=  16  presel= 4,909  sig_presel=  13  rows 316,244->23,366 (93%)  POT=7.480e+17  72.0s
  mc1e20_1_45.df                            inter= 94,035  sig=  21  presel= 4,838  sig_presel=  20  rows 308,817->22,965 (93%)  POT=7.509e+17  72.7s
  mc1e20_2_107.df                           inter= 95,247  sig=  25  presel= 4,918  sig_presel=  21  rows 311,544->23,276 (93%)  POT=7.548e+17  20.5s
  mc1e20_1_77.df                            inter= 92,144  sig=  23  presel= 4,673  sig_presel=  21  rows 302,373->22,379 (93%)  POT=7.555e+17  71.0s
  mc1e20_2_122.df                           inter= 95,345  sig=  31  presel= 4,926  sig_presel=  27  rows 312,821->23,480 (92%)  POT=7.502e+17  18.9s
  mc1e20_1_67.df                            inter= 96,643  sig=  26  presel= 4,988  sig_presel=  24  rows 316,585->23,591 (93%)  POT=7.502e+17  71.5s
  mc1e20_1_4.df                             inter= 98,117  sig=  30  presel= 5,029  sig_presel=  27  rows 322,539->24,317 (92%)  POT=7.547e+17  74.2s
  mc1e20_2_11.df                            inter= 98,140  sig=  23  presel= 5,016  sig_presel=  21  rows 322,150->24,059 (93%)  POT=7.541e+17  20.7s
  mc1e20_1_78.df                            inter= 94,165  sig=  23  presel= 4,826  sig_presel=  22  rows 309,557->23,179 (93%)  POT=7.505e+17  69.8s
  mc1e20_2_127.df                           inter= 94,398  sig=  21  presel= 4,922  sig_presel=  19  rows 308,941->23,837 (92%)  POT=7.521e+17  18.7s
  mc1e20_1_98.df                            inter= 98,815  sig=  28  presel= 4,985  sig_presel=  20  rows 323,287->23,664 (93%)  POT=7.550e+17  23.4s
  mc1e20_2_136.df                           inter= 94,933  sig=  33  presel= 4,883  sig_presel=  29  rows 311,656->23,243 (93%)  POT=7.513e+17  18.1s
  mc1e20_2_114.df                           inter= 95,367  sig=  23  presel= 4,911  sig_presel=  19  rows 311,060->22,939 (93%)  POT=7.520e+17  20.8s
  mc1e20_2_110.df                           inter= 97,006  sig=  29  presel= 4,967  sig_presel=  26  rows 318,043->23,511 (93%)  POT=7.558e+17  20.1s
  mc1e20_1_69.df                            inter= 99,579  sig=  18  presel= 5,052  sig_presel=  15  rows 326,777->23,946 (93%)  POT=7.540e+17  71.2s
  mc1e20_2_129.df                           inter= 92,564  sig=  30  presel= 4,831  sig_presel=  25  rows 304,639->22,876 (92%)  POT=7.510e+17  18.9s
  mc1e20_2_117.df                           inter= 94,224  sig=  29  presel= 4,787  sig_presel=  26  rows 309,127->22,638 (93%)  POT=7.512e+17  21.7s
  mc1e20_2_115.df                           inter= 95,473  sig=  30  presel= 4,913  sig_presel=  27  rows 314,061->23,168 (93%)  POT=7.506e+17  20.0s
  mc1e20_2_13.df                            inter= 99,618  sig=  25  presel= 5,055  sig_presel=  24  rows 328,476->24,074 (93%)  POT=7.560e+17  19.4s
  mc1e20_2_125.df                           inter= 94,952  sig=  16  presel= 4,851  sig_presel=  14  rows 311,991->22,995 (93%)  POT=7.538e+17  21.0s
  mc1e20_2_124.df                           inter= 94,243  sig=  22  presel= 4,842  sig_presel=  18  rows 309,720->23,072 (93%)  POT=7.495e+17  19.5s
  mc1e20_2_118.df                           inter= 94,629  sig=   7  presel= 4,914  sig_presel=   6  rows 310,609->23,196 (93%)  POT=7.535e+17  21.6s
  mc1e20_2_112.df                           inter= 97,850  sig=  20  presel= 5,021  sig_presel=  19  rows 320,563->23,626 (93%)  POT=7.547e+17  23.0s
  mc1e20_2_123.df                           inter= 94,325  sig=  28  presel= 4,939  sig_presel=  22  rows 309,045->23,430 (92%)  POT=7.501e+17  21.8s
  mc1e20_2_111.df                           inter= 95,971  sig=  18  presel= 4,848  sig_presel=  14  rows 315,642->23,027 (93%)  POT=7.493e+17  22.0s
  mc1e20_2_120.df                           inter= 96,379  sig=  23  presel= 4,913  sig_presel=  19  rows 315,614->23,291 (93%)  POT=7.493e+17  22.4s
  mc1e20_2_143.df                           inter= 93,840  sig=  21  presel= 4,898  sig_presel=  17  rows 307,481->23,148 (92%)  POT=7.515e+17  27.1s
  mc1e20_2_147.df                           inter= 94,286  sig=  27  presel= 4,947  sig_presel=  22  rows 308,941->23,429 (92%)  POT=7.521e+17  23.8s
  mc1e20_2_144.df                           inter= 94,756  sig=  29  presel= 4,855  sig_presel=  25  rows 308,586->22,635 (93%)  POT=7.529e+17  27.0s
  mc1e20_2_146.df                           inter= 94,582  sig=  18  presel= 4,865  sig_presel=  16  rows 310,410->23,330 (92%)  POT=7.552e+17  26.6s
  mc1e20_2_134.df                           inter= 95,845  sig=  34  presel= 4,936  sig_presel=  24  rows 313,653->23,250 (93%)  POT=7.484e+17  28.8s
  mc1e20_2_138.df                           inter= 96,297  sig=  26  presel= 4,922  sig_presel=  19  rows 315,029->23,159 (93%)  POT=7.545e+17  28.4s
  mc1e20_2_142.df                           inter= 94,010  sig=  30  presel= 4,830  sig_presel=  27  rows 308,179->23,090 (93%)  POT=7.559e+17  27.2s
  mc1e20_2_14.df                            inter= 97,854  sig=  20  presel= 4,954  sig_presel=  17  rows 320,999->23,445 (93%)  POT=7.512e+17  28.4s
  mc1e20_2_131.df                           inter= 93,421  sig=  24  presel= 4,796  sig_presel=  21  rows 304,525->23,031 (92%)  POT=7.479e+17  29.2s
  mc1e20_2_133.df                           inter= 93,948  sig=  19  presel= 4,811  sig_presel=  16  rows 306,665->22,557 (93%)  POT=7.511e+17  28.9s
  mc1e20_2_130.df                           inter= 92,880  sig=  22  presel= 4,797  sig_presel=  20  rows 305,295->22,814 (93%)  POT=7.491e+17  29.2s
  mc1e20_2_119.df                           inter= 95,777  sig=  20  presel= 4,894  sig_presel=  20  rows 313,934->23,524 (93%)  POT=7.504e+17  22.9s
  mc1e20_2_132.df                           inter= 97,900  sig=  23  presel= 5,010  sig_presel=  19  rows 319,643->23,307 (93%)  POT=7.520e+17  21.4s
  mc1e20_2_140.df                           inter= 93,109  sig=  26  presel= 4,814  sig_presel=  23  rows 306,963->23,070 (92%)  POT=7.528e+17  28.2s
  mc1e20_2_145.df                           inter= 93,630  sig=  20  presel= 4,816  sig_presel=  17  rows 306,055->23,001 (92%)  POT=7.503e+17  27.0s
  mc1e20_2_139.df                           inter= 94,060  sig=  25  presel= 4,925  sig_presel=  19  rows 308,268->23,211 (92%)  POT=7.505e+17  28.4s
  mc1e20_2_137.df                           inter= 95,098  sig=  25  presel= 4,894  sig_presel=  21  rows 312,354->23,517 (92%)  POT=7.502e+17  28.6s
  mc1e20_2_135.df                           inter= 94,568  sig=  27  presel= 4,825  sig_presel=  22  rows 310,397->23,030 (93%)  POT=7.561e+17  21.1s
  mc1e20_2_128.df                           inter= 96,370  sig=  24  presel= 4,969  sig_presel=  20  rows 316,434->23,814 (92%)  POT=7.553e+17  29.6s
  mc1e20_2_153.df                           inter= 95,035  sig=  29  presel= 4,981  sig_presel=  25  rows 312,069->23,291 (93%)  POT=7.500e+17  28.7s
  mc1e20_2_150.df                           inter= 95,202  sig=  20  presel= 5,007  sig_presel=  17  rows 311,285->23,390 (92%)  POT=7.543e+17  28.7s
  mc1e20_2_141.df                           inter= 94,999  sig=  27  presel= 4,873  sig_presel=  26  rows 310,763->23,046 (93%)  POT=7.512e+17  28.1s
  mc1e20_2_148.df                           inter= 94,860  sig=  20  presel= 4,908  sig_presel=  16  rows 309,799->23,257 (92%)  POT=7.520e+17  32.9s
  mc1e20_2_155.df                           inter= 95,787  sig=  31  presel= 4,911  sig_presel=  25  rows 312,840->23,173 (93%)  POT=7.515e+17  28.6s
  mc1e20_2_175.df                           inter= 94,398  sig=  13  presel= 4,846  sig_presel=  12  rows 309,089->22,929 (93%)  POT=7.507e+17  41.8s
  mc1e20_2_158.df                           inter= 93,418  sig=  20  presel= 4,891  sig_presel=  18  rows 305,764->23,194 (92%)  POT=7.532e+17  39.0s
  mc1e20_2_18.df                            inter= 95,665  sig=  15  presel= 4,835  sig_presel=  12  rows 313,315->23,199 (93%)  POT=7.545e+17  41.6s
  mc1e20_2_149.df                           inter= 94,508  sig=  34  presel= 4,878  sig_presel=  33  rows 308,410->22,837 (93%)  POT=7.525e+17  28.8s
  mc1e20_2_152.df                           inter= 93,226  sig=  29  presel= 4,807  sig_presel=  26  rows 305,872->22,640 (93%)  POT=7.518e+17  40.8s
  mc1e20_2_126.df                           inter= 95,464  sig=  18  presel= 4,892  sig_presel=  15  rows 313,991->22,987 (93%)  POT=7.555e+17  23.4s
  mc1e20_2_16.df                            inter= 97,933  sig=  34  presel= 4,912  sig_presel=  27  rows 321,422->23,400 (93%)  POT=7.527e+17  40.3s
  mc1e20_2_169.df                           inter= 96,131  sig=  27  presel= 4,944  sig_presel=  22  rows 314,098->23,540 (93%)  POT=7.505e+17  39.8s
  mc1e20_2_151.df                           inter= 95,143  sig=  33  presel= 4,898  sig_presel=  27  rows 311,523->23,358 (93%)  POT=7.514e+17  19.5s
  mc1e20_2_178.df                           inter= 95,095  sig=  18  presel= 4,857  sig_presel=  16  rows 312,194->23,152 (93%)  POT=7.546e+17  41.7s
  mc1e20_2_15.df                            inter= 98,330  sig=  26  presel= 5,012  sig_presel=  25  rows 322,923->23,692 (93%)  POT=7.533e+17  40.8s
  mc1e20_2_154.df                           inter= 95,485  sig=  23  presel= 4,937  sig_presel=  19  rows 315,250->23,671 (92%)  POT=7.513e+17  39.1s
  mc1e20_2_17.df                            inter= 97,637  sig=  28  presel= 4,989  sig_presel=  24  rows 320,350->23,876 (93%)  POT=7.543e+17  39.8s
  mc1e20_2_160.df                           inter= 96,427  sig=  18  presel= 4,977  sig_presel=  15  rows 315,817->24,059 (92%)  POT=7.550e+17  34.5s
  mc1e20_2_180.df                           inter= 94,994  sig=  24  presel= 4,890  sig_presel=  22  rows 311,053->23,515 (92%)  POT=7.541e+17  37.8s
  mc1e20_2_173.df                           inter= 93,766  sig=  30  presel= 4,805  sig_presel=  28  rows 307,207->22,821 (93%)  POT=7.495e+17  39.7s
  mc1e20_2_166.df                           inter= 94,845  sig=  19  presel= 4,922  sig_presel=  13  rows 310,897->23,704 (92%)  POT=7.522e+17  42.1s
  mc1e20_2_192.df                           inter= 96,357  sig=  24  presel= 4,941  sig_presel=  17  rows 316,119->23,812 (92%)  POT=7.525e+17  41.2s
  mc1e20_2_157.df                           inter= 94,470  sig=  28  presel= 4,856  sig_presel=  22  rows 309,725->22,906 (93%)  POT=7.515e+17  39.0s
  mc1e20_2_163.df                           inter= 95,887  sig=  22  presel= 4,898  sig_presel=  16  rows 314,515->23,145 (93%)  POT=7.548e+17  40.0s
  mc1e20_2_198.df                           inter= 94,424  sig=  32  presel= 4,833  sig_presel=  25  rows 309,445->22,966 (93%)  POT=7.540e+17  43.3s
  mc1e20_2_197.df                           inter= 97,428  sig=  25  presel= 4,912  sig_presel=  22  rows 319,927->23,254 (93%)  POT=7.523e+17  43.3s
  mc1e20_2_190.df                           inter= 95,045  sig=  29  presel= 4,892  sig_presel=  27  rows 310,013->23,373 (92%)  POT=7.546e+17  41.2s
  mc1e20_2_161.df                           inter= 94,354  sig=  18  presel= 4,803  sig_presel=  17  rows 309,027->22,689 (93%)  POT=7.549e+17  34.4s
  mc1e20_2_168.df                           inter= 94,755  sig=  19  presel= 4,820  sig_presel=  17  rows 310,274->22,708 (93%)  POT=7.506e+17  44.4s
  mc1e20_2_172.df                           inter= 94,828  sig=  25  presel= 4,978  sig_presel=  24  rows 310,255->23,230 (93%)  POT=7.488e+17  44.2s
  mc1e20_2_30.df                            inter= 94,830  sig=  21  presel= 4,935  sig_presel=  20  rows 310,651->23,661 (92%)  POT=7.580e+17  42.9s
  mc1e20_2_181.df                           inter= 94,036  sig=  29  presel= 4,871  sig_presel=  25  rows 306,773->23,054 (92%)  POT=7.513e+17  43.8s
  mc1e20_2_185.df                           inter= 95,567  sig=  21  presel= 4,894  sig_presel=  19  rows 313,726->23,524 (93%)  POT=7.536e+17  43.7s
  mc1e20_2_36.df                            inter= 94,950  sig=  20  presel= 4,924  sig_presel=  19  rows 310,612->23,241 (93%)  POT=7.476e+17  42.7s
  mc1e20_2_19.df                            inter= 97,129  sig=  25  presel= 4,924  sig_presel=  23  rows 317,502->23,092 (93%)  POT=7.492e+17  48.1s
  mc1e20_2_195.df                           inter= 95,744  sig=  14  presel= 4,919  sig_presel=  12  rows 314,135->23,286 (93%)  POT=7.535e+17  43.4s
  mc1e20_2_167.df                           inter= 93,790  sig=  23  presel= 4,839  sig_presel=  21  rows 308,869->22,912 (93%)  POT=7.534e+17  48.9s
  mc1e20_2_182.df                           inter= 95,563  sig=  29  presel= 4,897  sig_presel=  24  rows 312,232->23,293 (93%)  POT=7.526e+17  48.3s
  mc1e20_2_199.df                           inter= 95,583  sig=  21  presel= 4,804  sig_presel=  18  rows 313,760->22,821 (93%)  POT=7.507e+17  47.8s
  mc1e20_2_183.df                           inter= 95,603  sig=  23  presel= 4,936  sig_presel=  19  rows 312,306->23,324 (93%)  POT=7.509e+17  43.8s
  mc1e20_2_24.df                            inter= 91,637  sig=  17  presel= 4,718  sig_presel=  15  rows 299,258->22,414 (93%)  POT=7.507e+17  43.1s
  mc1e20_2_50.df                            inter= 93,140  sig=  32  presel= 4,779  sig_presel=  27  rows 305,626->22,558 (93%)  POT=7.520e+17  46.6s
  mc1e20_2_191.df                           inter= 96,808  sig=  22  presel= 4,918  sig_presel=  17  rows 316,086->23,021 (93%)  POT=7.555e+17  43.6s
  mc1e20_2_156.df                           inter= 94,588  sig=  30  presel= 4,875  sig_presel=  23  rows 311,304->23,532 (92%)  POT=7.503e+17  45.1s
  mc1e20_2_162.df                           inter= 95,346  sig=  21  presel= 4,974  sig_presel=  19  rows 313,778->23,796 (92%)  POT=7.483e+17  49.0s
  mc1e20_2_193.df                           inter= 95,284  sig=  27  presel= 4,905  sig_presel=  20  rows 311,992->23,126 (93%)  POT=7.525e+17  48.0s
  mc1e20_2_3.df                             inter= 97,922  sig=  25  presel= 5,016  sig_presel=  19  rows 322,811->23,663 (93%)  POT=7.544e+17  47.4s
  mc1e20_2_179.df                           inter= 95,516  sig=  28  presel= 4,825  sig_presel=  25  rows 312,877->23,215 (93%)  POT=7.525e+17  44.0s
  mc1e20_2_174.df                           inter= 95,568  sig=  14  presel= 4,853  sig_presel=  12  rows 310,418->22,844 (93%)  POT=7.547e+17  48.6s
  mc1e20_2_188.df                           inter= 93,630  sig=  22  presel= 4,872  sig_presel=  17  rows 305,999->23,199 (92%)  POT=7.562e+17  48.1s
  mc1e20_2_184.df                           inter= 95,424  sig=  16  presel= 4,966  sig_presel=  13  rows 313,420->23,479 (93%)  POT=7.533e+17  43.7s
  mc1e20_2_176.df                           inter= 94,797  sig=  29  presel= 4,907  sig_presel=  24  rows 312,307->23,516 (92%)  POT=7.584e+17  44.0s
  mc1e20_2_20.df                            inter= 93,583  sig=  21  presel= 4,840  sig_presel=  19  rows 306,359->23,088 (92%)  POT=7.507e+17  47.7s
  mc1e20_2_43.df                            inter= 96,953  sig=  20  presel= 4,940  sig_presel=  17  rows 319,439->23,726 (93%)  POT=7.485e+17  46.8s
  mc1e20_2_164.df                           inter= 95,901  sig=  22  presel= 4,950  sig_presel=  20  rows 314,013->23,416 (93%)  POT=7.488e+17  44.5s
  mc1e20_2_165.df                           inter= 95,137  sig=  17  presel= 4,885  sig_presel=  15  rows 311,266->23,547 (92%)  POT=7.510e+17  49.0s
  mc1e20_2_26.df                            inter= 94,726  sig=  13  presel= 4,825  sig_presel=  12  rows 309,656->22,904 (93%)  POT=7.546e+17  48.6s
  mc1e20_2_31.df                            inter= 84,201  sig=  21  presel= 4,367  sig_presel=  16  rows 272,889->20,804 (92%)  POT=7.482e+17  48.7s
  mc1e20_2_177.df                           inter= 95,977  sig=  17  presel= 4,912  sig_presel=  13  rows 314,439->23,116 (93%)  POT=7.552e+17  48.5s
  mc1e20_2_37.df                            inter= 90,103  sig=  12  presel= 4,607  sig_presel=  11  rows 296,179->22,007 (93%)  POT=7.494e+17  47.2s
  mc1e20_2_170.df                           inter= 95,626  sig=  24  presel= 4,926  sig_presel=  21  rows 313,481->23,202 (93%)  POT=7.521e+17  48.8s
  mc1e20_2_39.df                            inter= 96,804  sig=  23  presel= 4,888  sig_presel=  20  rows 317,818->22,514 (93%)  POT=7.504e+17  48.8s
  mc1e20_2_196.df                           inter= 95,401  sig=  26  presel= 4,890  sig_presel=  22  rows 310,553->23,689 (92%)  POT=7.554e+17  47.9s
  mc1e20_2_23.df                            inter= 99,286  sig=   9  presel= 5,155  sig_presel=   7  rows 324,651->24,106 (93%)  POT=7.511e+17  49.0s
  mc1e20_2_189.df                           inter= 95,273  sig=  23  presel= 4,807  sig_presel=  21  rows 312,117->22,719 (93%)  POT=7.486e+17  49.5s
  mc1e20_2_33.df                            inter= 92,486  sig=  22  presel= 4,818  sig_presel=  20  rows 302,964->22,953 (92%)  POT=7.479e+17  48.7s
  mc1e20_2_41.df                            inter= 90,895  sig=  21  presel= 4,748  sig_presel=  18  rows 295,888->21,998 (93%)  POT=7.488e+17  48.7s
  mc1e20_2_42.df                            inter= 93,345  sig=  12  presel= 4,823  sig_presel=  12  rows 305,737->22,670 (93%)  POT=7.549e+17  48.3s
  mc1e20_2_49.df                            inter= 91,781  sig=  24  presel= 4,747  sig_presel=  22  rows 299,153->22,280 (93%)  POT=7.532e+17  48.4s
  mc1e20_2_44.df                            inter= 92,115  sig=  22  presel= 4,766  sig_presel=  21  rows 302,154->22,429 (93%)  POT=7.533e+17  48.4s
  mc1e20_2_35.df                            inter= 98,238  sig=  28  presel= 4,903  sig_presel=  25  rows 322,371->23,262 (93%)  POT=7.522e+17  49.0s
  mc1e20_2_171.df                           inter= 93,133  sig=  20  presel= 4,713  sig_presel=  19  rows 305,316->22,921 (92%)  POT=7.534e+17  50.5s
  mc1e20_2_29.df                            inter= 89,584  sig=  20  presel= 4,558  sig_presel=  17  rows 292,884->21,584 (93%)  POT=7.499e+17  48.8s
  mc1e20_2_22.df                            inter= 92,973  sig=  20  presel= 4,759  sig_presel=  19  rows 305,365->22,924 (92%)  POT=7.505e+17  49.5s
  mc1e20_2_28.df                            inter= 91,246  sig=  19  presel= 4,758  sig_presel=  13  rows 300,363->22,630 (92%)  POT=7.529e+17  49.0s
  mc1e20_2_57.df                            inter= 92,285  sig=  17  presel= 4,775  sig_presel=  15  rows 302,555->22,503 (93%)  POT=7.519e+17  48.1s
  mc1e20_2_21.df                            inter= 91,289  sig=  21  presel= 4,692  sig_presel=  19  rows 297,328->22,201 (93%)  POT=7.540e+17  49.0s
  mc1e20_2_34.df                            inter= 92,862  sig=  22  presel= 4,750  sig_presel=  21  rows 304,680->22,741 (93%)  POT=7.490e+17  50.1s
  mc1e20_2_52.df                            inter= 92,874  sig=  25  presel= 4,868  sig_presel=  23  rows 303,848->23,061 (92%)  POT=7.560e+17  48.3s
  mc1e20_2_159.df                           inter= 94,850  sig=  24  presel= 4,936  sig_presel=  20  rows 311,599->23,437 (92%)  POT=7.519e+17  50.8s
  mc1e20_2_194.df                           inter= 94,782  sig=  25  presel= 4,899  sig_presel=  19  rows 309,800->23,108 (93%)  POT=7.542e+17  49.7s
  mc1e20_2_46.df                            inter= 97,014  sig=  31  presel= 5,005  sig_presel=  27  rows 317,758->23,768 (93%)  POT=7.484e+17  48.0s
  mc1e20_2_32.df                            inter= 93,024  sig=  17  presel= 4,780  sig_presel=  16  rows 304,519->22,750 (93%)  POT=7.520e+17  49.1s
  mc1e20_2_40.df                            inter= 90,993  sig=  19  presel= 4,717  sig_presel=  16  rows 297,661->22,332 (92%)  POT=7.545e+17  50.1s
  mc1e20_2_2.df                             inter= 97,023  sig=  12  presel= 4,956  sig_presel=  10  rows 319,662->24,189 (92%)  POT=7.493e+17  50.1s
  mc1e20_2_56.df                            inter= 93,098  sig=  15  presel= 4,819  sig_presel=  14  rows 304,280->22,932 (92%)  POT=7.527e+17  49.1s
  mc1e20_2_53.df                            inter= 91,531  sig=  23  presel= 4,844  sig_presel=  18  rows 300,040->22,921 (92%)  POT=7.507e+17  48.6s
  mc1e20_2_25.df                            inter= 92,248  sig=  21  presel= 4,715  sig_presel=  21  rows 301,099->22,281 (93%)  POT=7.484e+17  49.3s
  mc1e20_2_186.df                           inter= 95,718  sig=  18  presel= 4,949  sig_presel=  17  rows 314,337->23,073 (93%)  POT=7.538e+17  49.6s
  mc1e20_2_48.df                            inter= 94,504  sig=  20  presel= 4,891  sig_presel=  19  rows 311,445->23,320 (93%)  POT=7.513e+17  48.2s
  mc1e20_2_60.df                            inter= 90,333  sig=  21  presel= 4,706  sig_presel=  19  rows 294,676->22,133 (92%)  POT=7.537e+17  36.9s
  mc1e20_2_51.df                            inter= 96,879  sig=  18  presel= 4,894  sig_presel=  16  rows 317,621->23,083 (93%)  POT=7.524e+17  51.1s
  mc1e20_2_45.df                            inter= 92,248  sig=  25  presel= 4,824  sig_presel=  20  rows 302,288->23,161 (92%)  POT=7.515e+17  50.2s
  mc1e20_2_4.df                             inter= 98,020  sig=  20  presel= 5,001  sig_presel=  19  rows 321,379->23,653 (93%)  POT=7.547e+17  53.8s
  mc1e20_2_187.df                           inter= 95,104  sig=  29  presel= 4,855  sig_presel=  21  rows 311,953->23,008 (93%)  POT=7.558e+17  52.6s
  mc1e20_2_59.df                            inter= 94,088  sig=  24  presel= 4,908  sig_presel=  20  rows 309,035->23,853 (92%)  POT=7.523e+17  36.9s
  mc1e20_2_27.df                            inter= 99,420  sig=  24  presel= 5,123  sig_presel=  18  rows 326,497->24,127 (93%)  POT=7.513e+17  54.2s
  mc1e20_2_61.df                            inter= 90,141  sig=  19  presel= 4,758  sig_presel=  14  rows 296,293->22,871 (92%)  POT=7.540e+17  36.9s
  mc1e20_2_47.df                            inter=100,113  sig=  29  presel= 5,073  sig_presel=  26  rows 330,603->24,269 (93%)  POT=7.501e+17  51.4s
  mc1e20_2_63.df                            inter= 94,096  sig=  26  presel= 4,824  sig_presel=  24  rows 307,948->22,839 (93%)  POT=7.544e+17  36.9s
  mc1e20_2_58.df                            inter= 95,112  sig=  19  presel= 4,879  sig_presel=  16  rows 311,882->23,027 (93%)  POT=7.497e+17  36.9s
  mc1e20_2_62.df                            inter= 96,219  sig=  23  presel= 4,963  sig_presel=  21  rows 316,029->23,393 (93%)  POT=7.499e+17  36.9s
  mc1e20_2_54.df                            inter= 96,505  sig=  41  presel= 4,871  sig_presel=  33  rows 314,591->23,484 (93%)  POT=7.483e+17  51.2s
  mc1e20_2_6.df                             inter= 99,930  sig=  15  presel= 5,101  sig_presel=  12  rows 328,358->24,482 (93%)  POT=7.522e+17  36.9s
  mc1e20_2_38.df                            inter= 94,625  sig=  18  presel= 4,994  sig_presel=  16  rows 310,648->23,753 (92%)  POT=7.537e+17  53.9s
  mc1e20_2_5.df                             inter= 99,470  sig=  26  presel= 5,139  sig_presel=  20  rows 326,706->24,665 (92%)  POT=7.542e+17  50.6s
  mc1e20_2_55.df                            inter= 95,148  sig=  19  presel= 4,905  sig_presel=  18  rows 310,895->23,179 (93%)  POT=7.545e+17  53.1s
  mc1e20_2_77.df                            inter= 89,729  sig=  16  presel= 4,696  sig_presel=  16  rows 293,260->22,304 (92%)  POT=7.500e+17  23.6s
  mc1e20_2_64.df                            inter= 90,048  sig=  32  presel= 4,633  sig_presel=  29  rows 294,803->22,085 (93%)  POT=7.509e+17  25.2s
  mc1e20_2_66.df                            inter= 88,160  sig=  35  presel= 4,648  sig_presel=  29  rows 286,727->22,094 (92%)  POT=7.528e+17  25.2s
  mc1e20_2_94.df                            inter= 96,944  sig=  14  presel= 4,929  sig_presel=  13  rows 318,088->23,285 (93%)  POT=7.521e+17  29.5s
  mc1e20_2_69.df                            inter= 91,149  sig=  21  presel= 4,654  sig_presel=  18  rows 298,615->22,091 (93%)  POT=7.517e+17  24.7s
  mc1e20_2_70.df                            inter= 84,907  sig=  12  presel= 4,534  sig_presel=  11  rows 275,288->21,167 (92%)  POT=7.505e+17  30.8s
  mc1e20_2_75.df                            inter= 93,371  sig=  14  presel= 4,807  sig_presel=  12  rows 305,892->22,784 (93%)  POT=7.519e+17  30.0s
  mc1e20_2_67.df                            inter= 91,924  sig=  19  presel= 4,729  sig_presel=  15  rows 301,967->22,625 (93%)  POT=7.493e+17  31.4s
  mc1e20_2_90.df                            inter= 92,468  sig=  29  presel= 4,806  sig_presel=  26  rows 301,588->22,955 (92%)  POT=7.532e+17  29.5s
  mc1e20_2_65.df                            inter= 91,732  sig=   8  presel= 4,803  sig_presel=   6  rows 301,209->22,525 (93%)  POT=7.541e+17  31.4s
  mc1e20_2_73.df                            inter= 92,325  sig=  21  presel= 4,780  sig_presel=  17  rows 303,245->22,682 (93%)  POT=7.541e+17  42.0s
  mc1e20_2_68.df                            inter= 92,921  sig=  28  presel= 4,790  sig_presel=  23  rows 303,928->22,467 (93%)  POT=7.526e+17  42.8s
  mc1e20_3_1.df                             inter= 94,739  sig=  26  presel= 4,930  sig_presel=  22  rows 310,570->23,531 (92%)  POT=7.547e+17  41.0s
  mc1e20_2_91.df                            inter= 94,647  sig=  21  presel= 4,817  sig_presel=  19  rows 311,167->23,366 (92%)  POT=7.535e+17  41.5s
  mc1e20_2_95.df                            inter= 96,618  sig=  16  presel= 4,962  sig_presel=  13  rows 317,340->23,745 (93%)  POT=7.520e+17  41.4s
  mc1e20_2_7.df                             inter= 97,908  sig=  24  presel= 4,920  sig_presel=  19  rows 321,550->23,108 (93%)  POT=7.576e+17  42.8s
  mc1e20_2_78.df                            inter= 93,508  sig=  22  presel= 4,873  sig_presel=  17  rows 306,292->23,500 (92%)  POT=7.517e+17  41.7s
  mc1e20_2_87.df                            inter= 94,959  sig=  17  presel= 4,880  sig_presel=  12  rows 310,310->22,615 (93%)  POT=7.503e+17  41.6s
  mc1e20_2_92.df                            inter= 89,904  sig=  18  presel= 4,570  sig_presel=  13  rows 293,838->21,536 (93%)  POT=7.529e+17  41.5s
  mc1e20_2_86.df                            inter= 92,854  sig=  30  presel= 4,809  sig_presel=  24  rows 304,145->23,211 (92%)  POT=7.544e+17  41.6s
  mc1e20_2_85.df                            inter= 91,263  sig=  20  presel= 4,725  sig_presel=  20  rows 297,958->22,421 (92%)  POT=7.486e+17  41.6s
  mc1e20_2_79.df                            inter= 98,505  sig=  19  presel= 5,073  sig_presel=  17  rows 325,161->24,211 (93%)  POT=7.546e+17  41.7s
  mc1e20_2_74.df                            inter= 93,162  sig=  28  presel= 4,734  sig_presel=  23  rows 304,944->22,508 (93%)  POT=7.523e+17  42.1s
  mc1e20_2_71.df                            inter= 97,435  sig=  23  presel= 5,000  sig_presel=  20  rows 321,333->23,884 (93%)  POT=7.524e+17  42.4s
  mc1e20_2_81.df                            inter= 91,668  sig=  15  presel= 4,836  sig_presel=  13  rows 300,325->22,856 (92%)  POT=7.539e+17  41.6s
  mc1e20_2_8.df                             inter= 98,475  sig=  33  presel= 5,049  sig_presel=  28  rows 323,877->24,125 (93%)  POT=7.508e+17  41.6s
  mc1e20_2_88.df                            inter= 90,770  sig=  24  presel= 4,620  sig_presel=  22  rows 296,761->21,879 (93%)  POT=7.548e+17  46.6s
  mc1e20_3_12.df                            inter= 94,857  sig=  30  presel= 4,803  sig_presel=  26  rows 311,340->22,826 (93%)  POT=7.498e+17  53.6s
  mc1e20_3_0.df                             inter= 94,681  sig=  19  presel= 4,868  sig_presel=  17  rows 310,194->22,622 (93%)  POT=7.485e+17  46.1s
  mc1e20_2_83.df                            inter= 97,536  sig=  19  presel= 5,016  sig_presel=  15  rows 319,248->23,501 (93%)  POT=7.510e+17  41.6s
  mc1e20_3_100.df                           inter= 94,334  sig=  27  presel= 4,906  sig_presel=  22  rows 308,558->23,502 (92%)  POT=7.499e+17  46.1s
  mc1e20_2_99.df                            inter= 95,647  sig=  21  presel= 4,882  sig_presel=  19  rows 314,032->23,083 (93%)  POT=7.535e+17  41.1s
  mc1e20_2_97.df                            inter= 97,453  sig=  24  presel= 4,981  sig_presel=  21  rows 319,697->23,511 (93%)  POT=7.512e+17  41.3s
  mc1e20_2_96.df                            inter= 97,782  sig=  23  presel= 5,043  sig_presel=  19  rows 320,949->23,660 (93%)  POT=7.563e+17  41.3s
  mc1e20_3_128.df                           inter= 95,709  sig=  28  presel= 4,955  sig_presel=  24  rows 313,541->23,757 (92%)  POT=7.551e+17  55.3s
  ERROR loading /exp/sbnd/data/users/castalyf/nue_sel/production_files/gen1/mc1e20_3_188.df: "No evt key. Keys: ['/split']"
  mc1e20_3_105.df                           inter= 94,924  sig=  24  presel= 4,885  sig_presel=  21  rows 310,642->22,933 (93%)  POT=7.511e+17  45.9s
  mc1e20_3_113.df                           inter= 94,785  sig=  19  presel= 4,908  sig_presel=  15  rows 309,203->22,836 (93%)  POT=7.555e+17  45.8s
  ERROR loading /exp/sbnd/data/users/castalyf/nue_sel/production_files/gen1/mc1e20_3_189.df: "No evt key. Keys: ['/split']"
  mc1e20_3_116.df                           inter= 94,200  sig=  15  presel= 4,834  sig_presel=  11  rows 308,087->23,127 (92%)  POT=7.521e+17  45.7s
  mc1e20_3_129.df                           inter= 95,745  sig=  21  presel= 4,923  sig_presel=  18  rows 312,782->23,867 (92%)  POT=7.516e+17  53.2s
  mc1e20_2_72.df                            inter= 94,317  sig=  19  presel= 4,815  sig_presel=  17  rows 307,097->22,549 (93%)  POT=7.557e+17  47.1s
  ERROR loading /exp/sbnd/data/users/castalyf/nue_sel/production_files/gen1/mc1e20_3_198.df: "No evt key. Keys: ['/split']"
  mc1e20_3_118.df                           inter= 95,038  sig=  22  presel= 4,926  sig_presel=  18  rows 311,524->23,573 (92%)  POT=7.549e+17  45.7s
  mc1e20_3_115.df                           inter= 95,040  sig=  28  presel= 4,851  sig_presel=  24  rows 311,676->22,828 (93%)  POT=7.526e+17  53.7s
  mc1e20_3_117.df                           inter= 95,529  sig=  30  presel= 4,938  sig_presel=  27  rows 311,270->23,094 (93%)  POT=7.527e+17  45.7s
  mc1e20_3_122.df                           inter= 95,771  sig=  22  presel= 4,898  sig_presel=  19  rows 312,832->23,693 (92%)  POT=7.505e+17  53.4s
  mc1e20_2_93.df                            inter= 83,134  sig=  13  presel= 4,333  sig_presel=  11  rows 268,974->20,331 (92%)  POT=7.516e+17  46.5s
  ERROR loading /exp/sbnd/data/users/castalyf/nue_sel/production_files/gen1/mc1e20_3_199.df: "No evt key. Keys: ['/split']"
  mc1e20_3_102.df                           inter= 96,277  sig=  25  presel= 5,002  sig_presel=  23  rows 315,434->23,658 (92%)  POT=7.540e+17  46.0s
  mc1e20_3_126.df                           inter= 95,764  sig=  19  presel= 4,900  sig_presel=  18  rows 314,947->23,150 (93%)  POT=7.516e+17  53.2s
  mc1e20_2_89.df                            inter= 91,317  sig=  22  presel= 4,750  sig_presel=  18  rows 300,148->23,218 (92%)  POT=7.520e+17  46.6s
  mc1e20_3_123.df                           inter= 94,330  sig=  27  presel= 4,843  sig_presel=  25  rows 309,373->23,204 (92%)  POT=7.499e+17  45.3s
  mc1e20_3_101.df                           inter= 93,658  sig=  25  presel= 4,795  sig_presel=  21  rows 308,118->23,136 (92%)  POT=7.535e+17  40.9s
  mc1e20_3_150.df                           inter= 94,035  sig=  24  presel= 4,852  sig_presel=  21  rows 308,882->22,524 (93%)  POT=7.517e+17  54.6s
  mc1e20_2_84.df                            inter= 91,886  sig=  27  presel= 4,760  sig_presel=  26  rows 301,355->22,802 (92%)  POT=7.529e+17  46.6s
  mc1e20_3_104.df                           inter= 96,285  sig=  17  presel= 4,945  sig_presel=  15  rows 315,835->23,172 (93%)  POT=7.502e+17  46.0s
  mc1e20_3_154.df                           inter= 95,709  sig=  24  presel= 4,827  sig_presel=  18  rows 313,192->22,829 (93%)  POT=7.535e+17  55.2s
  mc1e20_3_127.df                           inter= 94,080  sig=  31  presel= 4,920  sig_presel=  30  rows 307,987->23,013 (93%)  POT=7.517e+17  55.4s
  mc1e20_3_106.df                           inter= 96,230  sig=  25  presel= 4,914  sig_presel=  23  rows 315,949->23,061 (93%)  POT=7.542e+17  45.9s
  mc1e20_3_119.df                           inter= 95,037  sig=  14  presel= 4,858  sig_presel=  12  rows 310,677->22,926 (93%)  POT=7.507e+17  45.6s
  mc1e20_2_98.df                            inter= 93,784  sig=  20  presel= 4,812  sig_presel=  15  rows 306,422->23,034 (92%)  POT=7.548e+17  54.1s
  mc1e20_3_111.df                           inter= 95,060  sig=  21  presel= 4,920  sig_presel=  19  rows 310,270->23,594 (92%)  POT=7.520e+17  53.8s
  mc1e20_3_10.df                            inter= 94,500  sig=  18  presel= 4,842  sig_presel=  14  rows 309,430->22,885 (93%)  POT=7.490e+17  54.1s
  mc1e20_3_110.df                           inter= 94,672  sig=  18  presel= 4,898  sig_presel=  16  rows 311,703->23,378 (92%)  POT=7.517e+17  53.8s
  mc1e20_3_11.df                            inter= 94,322  sig=  25  presel= 4,858  sig_presel=  23  rows 308,954->23,432 (92%)  POT=7.505e+17  53.8s
  mc1e20_3_112.df                           inter= 94,876  sig=  28  presel= 4,961  sig_presel=  27  rows 310,919->23,217 (93%)  POT=7.507e+17  53.8s
  mc1e20_2_9.df                             inter= 97,995  sig=  25  presel= 4,982  sig_presel=  21  rows 319,753->23,755 (93%)  POT=7.451e+17  46.6s
  mc1e20_3_121.df                           inter= 96,077  sig=  24  presel= 4,943  sig_presel=  21  rows 315,719->23,324 (93%)  POT=7.506e+17  53.5s
  mc1e20_3_15.df                            inter= 93,196  sig=  16  presel= 4,825  sig_presel=  15  rows 305,822->23,316 (92%)  POT=7.514e+17  55.4s
  mc1e20_2_80.df                            inter= 91,096  sig=  13  presel= 4,658  sig_presel=  11  rows 297,599->21,887 (93%)  POT=7.525e+17  46.7s
  mc1e20_3_135.df                           inter= 94,481  sig=  19  presel= 4,883  sig_presel=  15  rows 311,266->23,159 (93%)  POT=7.537e+17  55.9s
  mc1e20_2_76.df                            inter= 93,457  sig=  15  presel= 4,786  sig_presel=  13  rows 306,356->23,283 (92%)  POT=7.552e+17  46.8s
  mc1e20_2_82.df                            inter= 92,245  sig=  30  presel= 4,719  sig_presel=  26  rows 300,756->22,375 (93%)  POT=7.530e+17  46.6s
  mc1e20_3_132.df                           inter= 95,654  sig=  33  presel= 4,946  sig_presel=  31  rows 312,746->23,277 (93%)  POT=7.500e+17  55.2s
  mc1e20_3_124.df                           inter= 96,796  sig=  25  presel= 4,917  sig_presel=  20  rows 317,524->23,400 (93%)  POT=7.526e+17  53.3s
  mc1e20_3_109.df                           inter= 95,172  sig=  25  presel= 4,902  sig_presel=  23  rows 312,332->23,118 (93%)  POT=7.527e+17  45.9s
  mc1e20_3_107.df                           inter= 94,839  sig=  21  presel= 4,821  sig_presel=  16  rows 311,557->22,788 (93%)  POT=7.498e+17  45.9s
  mc1e20_3_108.df                           inter= 94,278  sig=  19  presel= 4,811  sig_presel=  14  rows 309,354->22,922 (93%)  POT=7.539e+17  56.0s
  mc1e20_3_136.df                           inter= 95,206  sig=  20  presel= 4,942  sig_presel=  16  rows 311,634->22,989 (93%)  POT=7.558e+17  55.9s
  mc1e20_3_114.df                           inter= 96,226  sig=  20  presel= 4,945  sig_presel=  17  rows 315,790->23,552 (93%)  POT=7.483e+17  45.7s
  mc1e20_3_146.df                           inter= 95,533  sig=  22  presel= 4,963  sig_presel=  21  rows 313,162->23,300 (93%)  POT=7.485e+17  56.0s
  mc1e20_3_133.df                           inter= 94,930  sig=  22  presel= 4,934  sig_presel=  20  rows 309,753->23,625 (92%)  POT=7.513e+17  53.1s
  mc1e20_3_103.df                           inter= 95,539  sig=  22  presel= 4,917  sig_presel=  19  rows 312,062->23,800 (92%)  POT=7.527e+17  57.3s
  mc1e20_3_141.df                           inter= 95,645  sig=  31  presel= 4,944  sig_presel=  25  rows 313,752->24,058 (92%)  POT=7.538e+17  56.1s
  mc1e20_3_155.df                           inter= 94,757  sig=  20  presel= 4,917  sig_presel=  17  rows 310,745->23,325 (92%)  POT=7.525e+17  55.6s
  mc1e20_3_138.df                           inter= 95,290  sig=  23  presel= 4,881  sig_presel=  18  rows 311,197->23,262 (93%)  POT=7.527e+17  56.2s
  mc1e20_3_130.df                           inter= 94,409  sig=  14  presel= 4,879  sig_presel=  14  rows 308,950->23,143 (93%)  POT=7.530e+17  56.4s
  mc1e20_3_13.df                            inter= 94,498  sig=  19  presel= 4,892  sig_presel=  16  rows 309,981->23,424 (92%)  POT=7.530e+17  57.3s
  mc1e20_3_142.df                           inter= 96,032  sig=  15  presel= 5,010  sig_presel=  13  rows 314,655->23,402 (93%)  POT=7.561e+17  56.1s
  mc1e20_3_131.df                           inter= 94,261  sig=  28  presel= 4,843  sig_presel=  23  rows 308,071->22,953 (93%)  POT=7.526e+17  56.4s
  mc1e20_3_137.df                           inter= 94,654  sig=  21  presel= 4,890  sig_presel=  20  rows 311,084->23,280 (93%)  POT=7.558e+17  57.7s
  mc1e20_3_152.df                           inter= 94,787  sig=  25  presel= 4,859  sig_presel=  22  rows 311,518->22,940 (93%)  POT=7.534e+17  55.7s
  mc1e20_3_139.df                           inter= 94,377  sig=  21  presel= 4,896  sig_presel=  18  rows 310,409->23,568 (92%)  POT=7.529e+17  57.5s
  mc1e20_3_144.df                           inter= 97,172  sig=  20  presel= 5,005  sig_presel=  16  rows 317,384->23,712 (93%)  POT=7.526e+17  56.0s
  mc1e20_3_14.df                            inter= 95,743  sig=  28  presel= 4,914  sig_presel=  21  rows 313,744->23,104 (93%)  POT=7.560e+17  56.2s
  mc1e20_3_120.df                           inter= 95,796  sig=  21  presel= 4,898  sig_presel=  18  rows 314,391->23,160 (93%)  POT=7.537e+17  57.6s
  mc1e20_3_162.df                           inter= 95,624  sig=  32  presel= 4,859  sig_presel=  30  rows 312,491->23,092 (93%)  POT=7.511e+17  54.5s
  mc1e20_3_153.df                           inter= 94,746  sig=  21  presel= 4,879  sig_presel=  15  rows 311,066->23,363 (92%)  POT=7.513e+17  55.7s
  mc1e20_3_145.df                           inter= 94,839  sig=  20  presel= 4,895  sig_presel=  14  rows 312,164->23,643 (92%)  POT=7.564e+17  56.0s
  mc1e20_3_164.df                           inter= 95,681  sig=  27  presel= 4,896  sig_presel=  26  rows 312,456->23,075 (93%)  POT=7.557e+17  50.6s
  mc1e20_3_160.df                           inter= 94,906  sig=  32  presel= 4,942  sig_presel=  27  rows 309,564->23,430 (92%)  POT=7.528e+17  55.5s
  mc1e20_3_159.df                           inter= 93,231  sig=  14  presel= 4,912  sig_presel=  14  rows 306,760->23,390 (92%)  POT=7.548e+17  56.5s
  mc1e20_3_156.df                           inter= 94,972  sig=  22  presel= 4,817  sig_presel=  15  rows 309,622->22,847 (93%)  POT=7.515e+17  56.9s
  mc1e20_3_149.df                           inter= 96,375  sig=  23  presel= 4,923  sig_presel=  23  rows 316,073->23,292 (93%)  POT=7.511e+17  57.2s
  mc1e20_3_161.df                           inter= 97,297  sig=  29  presel= 5,009  sig_presel=  23  rows 320,224->23,898 (93%)  POT=7.528e+17  54.6s
  mc1e20_3_125.df                           inter= 94,187  sig=  25  presel= 4,911  sig_presel=  21  rows 308,989->23,515 (92%)  POT=7.546e+17  57.4s
  mc1e20_3_140.df                           inter= 94,115  sig=  15  presel= 4,811  sig_presel=  11  rows 308,751->22,694 (93%)  POT=7.534e+17  57.4s
  mc1e20_3_158.df                           inter= 94,935  sig=  20  presel= 4,926  sig_presel=  19  rows 308,526->23,468 (92%)  POT=7.535e+17  56.9s
  mc1e20_3_157.df                           inter= 94,257  sig=  22  presel= 4,788  sig_presel=  19  rows 307,764->22,549 (93%)  POT=7.550e+17  57.0s
  mc1e20_3_165.df                           inter= 94,781  sig=  13  presel= 4,798  sig_presel=  11  rows 310,744->22,782 (93%)  POT=7.518e+17  50.7s
  mc1e20_3_147.df                           inter= 94,347  sig=  20  presel= 4,836  sig_presel=  19  rows 307,756->22,883 (93%)  POT=7.531e+17  56.0s
  mc1e20_3_143.df                           inter= 96,196  sig=  22  presel= 4,963  sig_presel=  18  rows 315,403->23,317 (93%)  POT=7.561e+17  57.4s
  mc1e20_3_16.df                            inter= 94,900  sig=  20  presel= 4,906  sig_presel=  18  rows 311,181->23,528 (92%)  POT=7.494e+17  56.9s
  mc1e20_3_134.df                           inter= 94,370  sig=  19  presel= 4,811  sig_presel=  18  rows 308,807->22,610 (93%)  POT=7.531e+17  57.7s
  mc1e20_3_148.df                           inter= 97,199  sig=  30  presel= 4,984  sig_presel=  24  rows 319,075->23,696 (93%)  POT=7.518e+17  56.8s
  mc1e20_3_163.df                           inter= 95,795  sig=  22  presel= 4,874  sig_presel=  19  rows 313,360->22,917 (93%)  POT=7.513e+17  55.1s
  mc1e20_3_168.df                           inter= 94,432  sig=  24  presel= 4,829  sig_presel=  21  rows 309,072->22,915 (93%)  POT=7.567e+17  32.1s
  mc1e20_3_151.df                           inter= 94,456  sig=  18  presel= 4,819  sig_presel=  15  rows 308,589->22,713 (93%)  POT=7.526e+17  58.5s
  mc1e20_3_166.df                           inter= 95,089  sig=  15  presel= 4,846  sig_presel=  15  rows 312,543->23,523 (92%)  POT=7.529e+17  52.6s
  mc1e20_3_17.df                            inter= 95,043  sig=  26  presel= 4,982  sig_presel=  24  rows 310,189->23,392 (92%)  POT=7.503e+17  32.2s
  ERROR loading /exp/sbnd/data/users/castalyf/nue_sel/production_files/gen1/mc1e20_4_105.df: HDF5 error back trace

  File "H5F.c", line 836, in H5Fopen
    unable to synchronously open file
  File "H5F.c", line 796, in H5F__open_api_common
    unable to open file
  File "H5VLcallback.c", line 3863, in H5VL_file_open
    open failed
  File "H5VLcallback.c", line 3675, in H5VL__file_open
    open failed
  File "H5VLnative_file.c", line 128, in H5VL__native_file_open
    unable to open file
  File "H5Fint.c", line 2018, in H5F_open
    unable to read superblock
  File "H5Fsuper.c", line 600, in H5F__super_read
    truncated file: eof = 230686720, sblock->base_addr = 0, stored_eof = 601923007

End of HDF5 error back trace

Unable to open/create file '/exp/sbnd/data/users/castalyf/nue_sel/production_files/gen1/mc1e20_4_105.df'
  mc1e20_3_178.df                           inter= 94,633  sig=  20  presel= 4,872  sig_presel=  16  rows 309,041->22,712 (93%)  POT=7.506e+17  35.8s
  mc1e20_3_172.df                           inter= 95,447  sig=  16  presel= 4,867  sig_presel=  13  rows 312,823->23,041 (93%)  POT=7.509e+17  38.0s
  mc1e20_3_176.df                           inter= 94,399  sig=  20  presel= 4,904  sig_presel=  17  rows 309,399->23,261 (92%)  POT=7.512e+17  35.8s
  mc1e20_3_179.df                           inter= 95,514  sig=  21  presel= 4,939  sig_presel=  17  rows 312,693->23,448 (93%)  POT=7.496e+17  20.9s
  mc1e20_3_180.df                           inter= 94,424  sig=  20  presel= 4,771  sig_presel=  18  rows 309,603->22,396 (93%)  POT=7.523e+17  24.5s
  mc1e20_3_177.df                           inter= 95,764  sig=  19  presel= 4,925  sig_presel=  18  rows 312,308->23,348 (93%)  POT=7.527e+17  27.8s
  mc1e20_3_18.df                            inter= 95,930  sig=  33  presel= 4,934  sig_presel=  31  rows 315,903->23,888 (92%)  POT=7.519e+17  24.5s
  mc1e20_3_173.df                           inter= 94,473  sig=  28  presel= 4,833  sig_presel=  21  rows 309,449->22,651 (93%)  POT=7.553e+17  32.9s
  mc1e20_3_169.df                           inter= 95,647  sig=  40  presel= 4,997  sig_presel=  35  rows 312,571->23,240 (93%)  POT=7.507e+17  33.0s
  mc1e20_3_184.df                           inter= 96,348  sig=  19  presel= 4,951  sig_presel=  18  rows 314,754->23,812 (92%)  POT=7.488e+17  24.5s
  mc1e20_3_174.df                           inter= 93,557  sig=  19  presel= 4,758  sig_presel=  19  rows 306,333->22,948 (93%)  POT=7.527e+17  33.5s
  mc1e20_3_170.df                           inter= 93,999  sig=  22  presel= 4,816  sig_presel=  20  rows 308,231->22,970 (93%)  POT=7.535e+17  38.0s
  mc1e20_3_171.df                           inter= 94,771  sig=  26  presel= 4,897  sig_presel=  21  rows 311,262->23,143 (93%)  POT=7.526e+17  32.9s
  mc1e20_3_197.df                           inter= 89,799  sig=  18  presel= 4,606  sig_presel=  15  rows 294,308->22,057 (93%)  POT=7.540e+17  37.7s
  mc1e20_3_182.df                           inter= 94,718  sig=  27  presel= 4,898  sig_presel=  21  rows 310,017->23,361 (92%)  POT=7.519e+17  39.1s
  mc1e20_3_175.df                           inter= 96,083  sig=  20  presel= 4,874  sig_presel=  16  rows 314,881->23,067 (93%)  POT=7.475e+17  18.4s
  mc1e20_3_181.df                           inter= 93,888  sig=  22  presel= 4,797  sig_presel=  19  rows 307,255->22,850 (93%)  POT=7.503e+17  39.1s
  mc1e20_3_22.df                            inter= 95,049  sig=  35  presel= 4,912  sig_presel=  29  rows 311,346->23,161 (93%)  POT=7.542e+17  37.7s
  mc1e20_3_195.df                           inter= 91,092  sig=  12  presel= 4,666  sig_presel=  11  rows 297,040->22,254 (93%)  POT=7.543e+17  37.7s
  mc1e20_3_19.df                            inter= 95,141  sig=  18  presel= 4,863  sig_presel=  14  rows 311,235->22,823 (93%)  POT=7.531e+17  37.8s
  mc1e20_3_194.df                           inter= 92,540  sig=  18  presel= 4,729  sig_presel=  16  rows 303,238->22,338 (93%)  POT=7.519e+17  37.7s
  mc1e20_3_167.df                           inter= 94,652  sig=  18  presel= 4,954  sig_presel=  16  rows 310,273->23,187 (93%)  POT=7.531e+17  33.0s
  mc1e20_3_192.df                           inter= 91,423  sig=  15  presel= 4,740  sig_presel=  13  rows 299,099->22,255 (93%)  POT=7.505e+17  37.7s
  mc1e20_3_21.df                            inter= 94,957  sig=  20  presel= 4,918  sig_presel=  18  rows 309,835->22,975 (93%)  POT=7.534e+17  37.7s
  mc1e20_3_191.df                           inter= 91,730  sig=  17  presel= 4,653  sig_presel=  14  rows 300,013->21,899 (93%)  POT=7.511e+17  37.7s
  mc1e20_3_185.df                           inter= 95,879  sig=  16  presel= 4,916  sig_presel=  14  rows 315,520->23,577 (93%)  POT=7.532e+17  39.1s
  mc1e20_3_23.df                            inter= 95,736  sig=  19  presel= 4,941  sig_presel=  18  rows 312,347->23,347 (93%)  POT=7.501e+17  46.6s
  mc1e20_3_27.df                            inter= 94,692  sig=  30  presel= 4,892  sig_presel=  27  rows 310,193->23,162 (93%)  POT=7.511e+17  42.9s
  mc1e20_3_40.df                            inter= 94,036  sig=  23  presel= 4,914  sig_presel=  21  rows 309,841->23,101 (93%)  POT=7.502e+17  44.8s
  mc1e20_3_190.df                           inter= 92,940  sig=  21  presel= 4,808  sig_presel=  18  rows 303,992->22,721 (93%)  POT=7.512e+17  46.7s
  mc1e20_3_36.df                            inter= 95,657  sig=  27  presel= 4,927  sig_presel=  25  rows 314,961->23,442 (93%)  POT=7.512e+17  37.5s
  mc1e20_3_47.df                            inter= 94,383  sig=  23  presel= 4,751  sig_presel=  17  rows 310,373->22,343 (93%)  POT=7.508e+17  44.6s
  mc1e20_3_183.df                           inter= 94,428  sig=  19  presel= 4,887  sig_presel=  15  rows 309,076->23,221 (92%)  POT=7.502e+17  44.4s
  mc1e20_3_42.df                            inter= 96,258  sig=  24  presel= 4,918  sig_presel=  19  rows 315,794->23,231 (93%)  POT=7.494e+17  42.7s
  mc1e20_3_193.df                           inter= 91,415  sig=  29  presel= 4,777  sig_presel=  25  rows 299,348->22,402 (93%)  POT=7.503e+17  43.1s
  mc1e20_3_53.df                            inter= 95,823  sig=  26  presel= 4,894  sig_presel=  22  rows 313,556->23,497 (93%)  POT=7.531e+17  50.5s
  mc1e20_3_65.df                            inter= 94,664  sig=  24  presel= 4,831  sig_presel=  20  rows 309,742->22,827 (93%)  POT=7.503e+17  45.7s
  mc1e20_3_49.df                            inter= 96,584  sig=  38  presel= 4,917  sig_presel=  30  rows 317,621->23,181 (93%)  POT=7.504e+17  46.1s
  mc1e20_3_76.df                            inter= 95,164  sig=  19  presel= 4,866  sig_presel=  17  rows 312,040->23,075 (93%)  POT=7.532e+17  49.8s
  mc1e20_3_51.df                            inter= 95,061  sig=  20  presel= 4,880  sig_presel=  13  rows 311,207->23,018 (93%)  POT=7.538e+17  50.5s
  mc1e20_3_24.df                            inter= 95,042  sig=  25  presel= 4,833  sig_presel=  21  rows 312,047->23,364 (93%)  POT=7.531e+17  46.6s
  mc1e20_3_48.df                            inter= 95,631  sig=  17  presel= 4,911  sig_presel=  16  rows 314,472->23,895 (92%)  POT=7.528e+17  46.1s
  mc1e20_3_31.df                            inter= 96,114  sig=  20  presel= 4,831  sig_presel=  18  rows 314,691->22,917 (93%)  POT=7.519e+17  46.5s
  mc1e20_3_71.df                            inter= 94,023  sig=  15  presel= 4,856  sig_presel=  13  rows 307,608->22,866 (93%)  POT=7.500e+17  49.9s
  mc1e20_3_60.df                            inter= 96,646  sig=  28  presel= 4,970  sig_presel=  26  rows 317,491->23,362 (93%)  POT=7.523e+17  45.8s
  mc1e20_3_187.df                           inter= 94,689  sig=  14  presel= 4,907  sig_presel=  10  rows 310,986->23,606 (92%)  POT=7.565e+17  51.3s
  mc1e20_3_6.df                             inter= 93,831  sig=  25  presel= 4,802  sig_presel=  24  rows 307,265->22,832 (93%)  POT=7.494e+17  50.3s
  mc1e20_3_50.df                            inter= 96,375  sig=  21  presel= 4,915  sig_presel=  20  rows 315,089->23,232 (93%)  POT=7.500e+17  46.1s
  mc1e20_3_52.df                            inter= 94,003  sig=  32  presel= 4,777  sig_presel=  24  rows 307,597->22,727 (93%)  POT=7.551e+17  45.9s
  mc1e20_3_39.df                            inter= 94,724  sig=  21  presel= 4,906  sig_presel=  17  rows 308,794->23,499 (92%)  POT=7.563e+17  46.3s
  mc1e20_3_46.df                            inter= 94,619  sig=  26  presel= 4,816  sig_presel=  20  rows 311,519->22,745 (93%)  POT=7.525e+17  46.2s
  mc1e20_3_58.df                            inter= 94,341  sig=  25  presel= 4,819  sig_presel=  19  rows 308,876->22,507 (93%)  POT=7.512e+17  45.9s
  mc1e20_3_3.df                             inter= 95,615  sig=  33  presel= 4,860  sig_presel=  26  rows 315,182->23,192 (93%)  POT=7.554e+17  51.0s
  mc1e20_3_29.df                            inter= 94,795  sig=  21  presel= 4,820  sig_presel=  20  rows 310,035->22,848 (93%)  POT=7.536e+17  46.5s
  mc1e20_3_62.df                            inter= 94,654  sig=  24  presel= 4,858  sig_presel=  22  rows 310,971->23,252 (93%)  POT=7.524e+17  45.7s
  mc1e20_3_37.df                            inter= 95,476  sig=  31  presel= 4,919  sig_presel=  29  rows 313,082->23,351 (93%)  POT=7.520e+17  44.9s
  mc1e20_3_186.df                           inter= 94,327  sig=  15  presel= 4,831  sig_presel=  12  rows 308,210->23,024 (93%)  POT=7.516e+17  45.8s
  mc1e20_3_25.df                            inter= 95,373  sig=  15  presel= 4,901  sig_presel=  10  rows 312,755->23,246 (93%)  POT=7.469e+17  45.0s
  mc1e20_3_5.df                             inter= 95,723  sig=  26  presel= 4,990  sig_presel=  21  rows 313,179->23,518 (92%)  POT=7.523e+17  46.1s
  mc1e20_3_32.df                            inter= 94,749  sig=  14  presel= 4,893  sig_presel=  14  rows 311,696->23,521 (92%)  POT=7.518e+17  45.0s
  mc1e20_3_30.df                            inter= 93,416  sig=  20  presel= 4,815  sig_presel=  18  rows 305,717->22,629 (93%)  POT=7.548e+17  45.0s
  mc1e20_3_59.df                            inter= 94,462  sig=  29  presel= 4,847  sig_presel=  23  rows 308,814->22,859 (93%)  POT=7.528e+17  45.8s
  mc1e20_3_38.df                            inter= 93,739  sig=  23  presel= 4,815  sig_presel=  19  rows 306,799->22,528 (93%)  POT=7.518e+17  44.8s
  mc1e20_3_57.df                            inter= 94,763  sig=  22  presel= 4,878  sig_presel=  19  rows 309,738->22,979 (93%)  POT=7.547e+17  45.9s
  mc1e20_3_41.df                            inter= 95,947  sig=  12  presel= 4,841  sig_presel=  12  rows 315,114->22,910 (93%)  POT=7.532e+17  46.3s
  mc1e20_3_26.df                            inter= 95,507  sig=  26  presel= 4,942  sig_presel=  20  rows 312,575->23,360 (93%)  POT=7.494e+17  46.5s
  mc1e20_3_33.df                            inter= 96,352  sig=  22  presel= 4,961  sig_presel=  17  rows 315,040->23,250 (93%)  POT=7.521e+17  46.5s
  mc1e20_3_196.df                           inter= 90,754  sig=  16  presel= 4,722  sig_presel=  13  rows 296,437->22,297 (92%)  POT=7.560e+17  46.7s
  mc1e20_3_35.df                            inter= 95,545  sig=  33  presel= 4,942  sig_presel=  27  rows 314,998->23,629 (92%)  POT=7.524e+17  46.4s
  mc1e20_3_34.df                            inter= 95,307  sig=  16  presel= 4,910  sig_presel=  14  rows 313,115->24,033 (92%)  POT=7.546e+17  46.5s
  mc1e20_3_4.df                             inter= 94,629  sig=  19  presel= 4,910  sig_presel=  15  rows 311,543->23,189 (93%)  POT=7.534e+17  44.8s
  mc1e20_3_45.df                            inter= 94,270  sig=  30  presel= 4,844  sig_presel=  20  rows 306,979->23,329 (92%)  POT=7.516e+17  46.2s
  mc1e20_3_55.df                            inter= 95,190  sig=  24  presel= 4,904  sig_presel=  22  rows 311,725->22,844 (93%)  POT=7.489e+17  45.9s
  mc1e20_3_44.df                            inter= 95,686  sig=  15  presel= 4,974  sig_presel=  11  rows 314,109->23,675 (92%)  POT=7.522e+17  46.2s
  mc1e20_3_2.df                             inter= 92,792  sig=  15  presel= 4,902  sig_presel=  15  rows 304,387->23,481 (92%)  POT=7.520e+17  45.1s
  mc1e20_3_95.df                            inter= 94,985  sig=  20  presel= 4,864  sig_presel=  16  rows 310,852->23,175 (93%)  POT=7.542e+17  49.4s
  mc1e20_3_43.df                            inter= 95,041  sig=  27  presel= 4,853  sig_presel=  27  rows 310,112->22,914 (93%)  POT=7.535e+17  44.7s
  mc1e20_3_92.df                            inter= 94,173  sig=  21  presel= 4,788  sig_presel=  18  rows 308,367->22,773 (93%)  POT=7.491e+17  50.0s
  mc1e20_3_54.df                            inter= 92,729  sig=  30  presel= 4,770  sig_presel=  25  rows 303,988->22,785 (93%)  POT=7.512e+17  45.9s
  mc1e20_3_69.df                            inter= 95,492  sig=  17  presel= 4,832  sig_presel=  15  rows 312,598->23,176 (93%)  POT=7.537e+17  50.7s
  mc1e20_3_64.df                            inter= 93,440  sig=  24  presel= 4,807  sig_presel=  23  rows 307,372->23,173 (92%)  POT=7.509e+17  50.2s
  mc1e20_3_66.df                            inter= 95,149  sig=  16  presel= 4,955  sig_presel=  12  rows 312,698->23,420 (93%)  POT=7.546e+17  50.2s
  mc1e20_3_79.df                            inter= 95,179  sig=  15  presel= 4,944  sig_presel=  12  rows 311,852->23,360 (93%)  POT=7.499e+17  50.3s
  mc1e20_3_20.df                            inter= 95,765  sig=  19  presel= 4,950  sig_presel=  15  rows 313,322->23,386 (93%)  POT=7.506e+17  43.0s
  mc1e20_3_72.df                            inter= 93,633  sig=  16  presel= 4,775  sig_presel=  14  rows 306,115->22,792 (93%)  POT=7.537e+17  50.5s
  mc1e20_3_56.df                            inter= 94,917  sig=  23  presel= 4,826  sig_presel=  19  rows 311,224->22,964 (93%)  POT=7.566e+17  51.8s
  mc1e20_3_70.df                            inter= 96,318  sig=  25  presel= 4,900  sig_presel=  20  rows 314,760->23,498 (93%)  POT=7.522e+17  51.4s
  mc1e20_3_96.df                            inter= 94,938  sig=  21  presel= 4,905  sig_presel=  17  rows 309,722->23,136 (93%)  POT=7.478e+17  49.9s
  mc1e20_4_100.df                           inter= 95,376  sig=  14  presel= 4,994  sig_presel=  12  rows 313,872->23,487 (93%)  POT=7.562e+17  49.9s
  mc1e20_3_90.df                            inter= 93,256  sig=  11  presel= 4,808  sig_presel=  10  rows 305,817->23,149 (92%)  POT=7.503e+17  50.3s
  mc1e20_3_28.df                            inter= 95,278  sig=  28  presel= 4,928  sig_presel=  28  rows 311,987->23,274 (93%)  POT=7.519e+17  46.5s
  mc1e20_3_9.df                             inter= 95,247  sig=  20  presel= 4,986  sig_presel=  19  rows 311,608->23,535 (92%)  POT=7.504e+17  49.5s
  mc1e20_3_89.df                            inter= 95,184  sig=  14  presel= 4,914  sig_presel=  11  rows 311,024->23,282 (93%)  POT=7.555e+17  51.2s
  mc1e20_3_61.df                            inter= 94,440  sig=  31  presel= 4,911  sig_presel=  26  rows 309,674->23,144 (93%)  POT=7.514e+17  50.8s
  mc1e20_3_81.df                            inter= 92,869  sig=  21  presel= 4,771  sig_presel=  21  rows 302,410->22,399 (93%)  POT=7.554e+17  51.6s
  mc1e20_4_101.df                           inter= 95,076  sig=  20  presel= 4,917  sig_presel=  20  rows 310,846->23,195 (93%)  POT=7.537e+17  51.4s
  mc1e20_3_7.df                             inter= 94,240  sig=  25  presel= 4,782  sig_presel=  20  rows 307,387->22,387 (93%)  POT=7.520e+17  52.3s
  mc1e20_3_63.df                            inter= 94,995  sig=  20  presel= 4,849  sig_presel=  17  rows 310,135->23,297 (92%)  POT=7.518e+17  52.5s
  mc1e20_3_67.df                            inter= 94,827  sig=  23  presel= 4,941  sig_presel=  18  rows 309,645->23,382 (92%)  POT=7.536e+17  52.7s
  mc1e20_3_78.df                            inter= 94,311  sig=  30  presel= 4,881  sig_presel=  27  rows 308,292->22,844 (93%)  POT=7.508e+17  52.2s
  mc1e20_4_0.df                             inter= 88,710  sig=  16  presel= 4,600  sig_presel=  14  rows 291,905->21,811 (93%)  POT=7.507e+17  52.0s
  mc1e20_3_97.df                            inter= 97,243  sig=  23  presel= 4,972  sig_presel=  21  rows 317,923->23,651 (93%)  POT=7.529e+17  52.1s
  mc1e20_3_84.df                            inter= 94,145  sig=  21  presel= 4,853  sig_presel=  19  rows 308,733->23,249 (92%)  POT=7.463e+17  52.4s
  mc1e20_3_82.df                            inter= 95,912  sig=  16  presel= 4,929  sig_presel=  14  rows 314,512->22,931 (93%)  POT=7.519e+17  52.4s
  mc1e20_3_73.df                            inter= 94,640  sig=  18  presel= 4,819  sig_presel=  16  rows 308,511->22,056 (93%)  POT=7.527e+17  52.9s
  mc1e20_3_88.df                            inter= 94,077  sig=  23  presel= 4,800  sig_presel=  21  rows 307,909->23,022 (93%)  POT=7.512e+17  52.5s
  mc1e20_3_98.df                            inter= 94,044  sig=  18  presel= 4,887  sig_presel=  16  rows 308,321->23,232 (92%)  POT=7.550e+17  52.4s
  mc1e20_3_80.df                            inter= 95,447  sig=  22  presel= 4,974  sig_presel=  18  rows 313,475->23,979 (92%)  POT=7.504e+17  52.7s
  mc1e20_3_74.df                            inter= 93,473  sig=  22  presel= 4,792  sig_presel=  21  rows 307,185->22,628 (93%)  POT=7.510e+17  52.9s
  mc1e20_3_87.df                            inter= 94,972  sig=  21  presel= 4,849  sig_presel=  19  rows 311,239->22,455 (93%)  POT=7.511e+17  52.3s
  mc1e20_3_83.df                            inter= 95,059  sig=  27  presel= 4,848  sig_presel=  22  rows 312,348->23,250 (93%)  POT=7.543e+17  52.8s
  mc1e20_3_8.df                             inter= 95,599  sig=  22  presel= 4,917  sig_presel=  17  rows 312,049->23,129 (93%)  POT=7.524e+17  52.9s
  mc1e20_3_68.df                            inter= 96,036  sig=  25  presel= 4,902  sig_presel=  21  rows 313,455->22,974 (93%)  POT=7.506e+17  53.3s
  mc1e20_3_75.df                            inter= 94,990  sig=  15  presel= 4,935  sig_presel=  14  rows 309,984->22,903 (93%)  POT=7.540e+17  53.2s
  mc1e20_3_99.df                            inter= 94,837  sig=  25  presel= 4,886  sig_presel=  19  rows 311,357->23,246 (93%)  POT=7.513e+17  52.7s
  mc1e20_4_102.df                           inter= 95,327  sig=  21  presel= 4,952  sig_presel=  18  rows 311,260->23,470 (92%)  POT=7.510e+17  52.7s
  mc1e20_3_77.df                            inter= 94,632  sig=  28  presel= 4,899  sig_presel=  20  rows 309,961->23,285 (92%)  POT=7.571e+17  53.2s
  mc1e20_3_91.df                            inter= 94,272  sig=  22  presel= 4,917  sig_presel=  20  rows 307,171->23,137 (92%)  POT=7.546e+17  53.0s
  mc1e20_3_86.df                            inter= 93,489  sig=  22  presel= 4,828  sig_presel=  17  rows 305,435->22,809 (93%)  POT=7.502e+17  53.2s
  mc1e20_3_93.df                            inter= 95,476  sig=  25  presel= 4,869  sig_presel=  21  rows 312,897->23,244 (93%)  POT=7.541e+17  53.1s
  mc1e20_3_85.df                            inter= 94,615  sig=  22  presel= 4,758  sig_presel=  21  rows 309,935->22,667 (93%)  POT=7.516e+17  53.2s
  mc1e20_3_94.df                            inter= 95,341  sig=  14  presel= 4,833  sig_presel=  13  rows 311,985->22,619 (93%)  POT=7.541e+17  53.1s
  mc1e20_4_103.df                           inter= 95,243  sig=  19  presel= 4,859  sig_presel=  16  rows 312,241->23,166 (93%)  POT=7.444e+17  51.7s
  mc1e20_4_104.df                           inter= 94,143  sig=  30  presel= 4,753  sig_presel=  26  rows 307,276->22,734 (93%)  POT=7.530e+17  31.9s

============================================================
  Files OK / total : 602 / 607
  FAILED : /exp/sbnd/data/users/castalyf/nue_sel/production_files/gen1/mc1e20_3_188.df  ("No evt key. Keys: ['/split']")
  FAILED : /exp/sbnd/data/users/castalyf/nue_sel/production_files/gen1/mc1e20_3_189.df  ("No evt key. Keys: ['/split']")
  FAILED : /exp/sbnd/data/users/castalyf/nue_sel/production_files/gen1/mc1e20_3_198.df  ("No evt key. Keys: ['/split']")
  FAILED : /exp/sbnd/data/users/castalyf/nue_sel/production_files/gen1/mc1e20_3_199.df  ("No evt key. Keys: ['/split']")
  FAILED : /exp/sbnd/data/users/castalyf/nue_sel/production_files/gen1/mc1e20_4_105.df  (HDF5 error back trace

  File "H5F.c", line 836, in H5Fopen
    unable to synchronously open file
  File "H5F.c", line 796, in H5F__open_api_common
    unable to open file
  File "H5VLcallback.c", line 3863, in H5VL_file_open
    open failed
  File "H5VLcallback.c", line 3675, in H5VL__file_open
    open failed
  File "H5VLnative_file.c", line 128, in H5VL__native_file_open
    unable to open file
  File "H5Fint.c", line 2018, in H5F_open
    unable to read superblock
  File "H5Fsuper.c", line 600, in H5F__super_read
    truncated file: eof = 230686720, sblock->base_addr = 0, stored_eof = 601923007

End of HDF5 error back trace

Unable to open/create file '/exp/sbnd/data/users/castalyf/nue_sel/production_files/gen1/mc1e20_4_105.df')
  True signal (pre-cut)   : 13,419  <- denominator
  True signal after FM+FV : 11,492  (85.6%)
  Total POT               : 4.5288e+20
  Scale to 6.60e+20  : 1.4574
  Wall time               : 308s
============================================================
